<html>
<body>
<pre>
<h1>µVision Build Log</h1>
<h2>Project:</h2>
N:\2B\MTE241\Project4beta\Project4.uvproj
Project File Date:  07/11/2016

<h2>Output:</h2>
Load "N:\\2B\\MTE241\\Project4beta\\Project3.AXF" 
Erase Done.
Programming Done.
Verify OK.
Build target 'Target 1'
compiling main.c...
main.c(46): error:  #29: expected an expression
main.c(46): error:  #137: expression must be a modifiable lvalue
main.c(47): error:  #65: expected a ";"
main.c(51): warning:  #223-D: function "abs" declared implicitly
Target not created
Build target 'Target 1'
compiling main.c...
main.c(46): error:  #29: expected an expression
main.c(46): error:  #137: expression must be a modifiable lvalue
main.c(51): warning:  #223-D: function "abs" declared implicitly
Target not created
Build target 'Target 1'
compiling main.c...
main.c(47): error:  #29: expected an expression
main.c(47): error:  #137: expression must be a modifiable lvalue
main.c(48): error:  #29: expected an expression
main.c(48): error:  #137: expression must be a modifiable lvalue
main.c(51): error:  #20: identifier "width" is undefined
main.c(57): warning:  #223-D: function "abs" declared implicitly
Target not created
Build target 'Target 1'
compiling main.c...
main.c(47): error:  #29: expected an expression
main.c(47): error:  #137: expression must be a modifiable lvalue
main.c(48): error:  #29: expected an expression
main.c(48): error:  #137: expression must be a modifiable lvalue
main.c(57): warning:  #223-D: function "abs" declared implicitly
Target not created
Load "N:\\2B\\MTE241\\Project4beta\\Project3.AXF" 
_____^
*** error 56: cannot open file
Rebuild target 'Target 1'
assembling startup_LPC17xx.s...
compiling system_LPC17xx.c...
compiling Retarget.c...
compiling uart.c...
compiling main.c...
main.c(47): error:  #29: expected an expression
main.c(47): error:  #137: expression must be a modifiable lvalue
main.c(48): error:  #29: expected an expression
main.c(48): error:  #137: expression must be a modifiable lvalue
main.c(57): warning:  #223-D: function "abs" declared implicitly
compiling RTX_Conf_CM.c...
compiling ADC.c...
compiling GLCD_SPI_LPC1700.c...
compiling INT0.c...
Target not created
Build target 'Target 1'
compiling main.c...
main.c(47): warning:  #223-D: function "memset" declared implicitly
main.c(57): warning:  #223-D: function "abs" declared implicitly
linking...
Program Size: Code=9764 RO-data=6548 RW-data=188 ZI-data=30396  
"Project3.axf" - 0 Error(s), 2 Warning(s).
Load "N:\\2B\\MTE241\\Project4beta\\Project3.AXF" 
Erase Done.
Programming Done.
Verify OK.
Build target 'Target 1'
compiling main.c...
main.c(47): warning:  #223-D: function "memset" declared implicitly
main.c(58): warning:  #223-D: function "abs" declared implicitly
linking...
Program Size: Code=9764 RO-data=6548 RW-data=188 ZI-data=30396  
"Project3.axf" - 0 Error(s), 2 Warning(s).
Load "N:\\2B\\MTE241\\Project4beta\\Project3.AXF" 
Erase Done.
Programming Done.
Verify OK.
Build target 'Target 1'
compiling main.c...
main.c(47): warning:  #223-D: function "memset" declared implicitly
main.c(59): warning:  #223-D: function "abs" declared implicitly
linking...
Program Size: Code=9764 RO-data=6548 RW-data=188 ZI-data=30396  
"Project3.axf" - 0 Error(s), 2 Warning(s).
Load "N:\\2B\\MTE241\\Project4beta\\Project3.AXF" 
Erase Done.
Programming Done.
Verify OK.
Build target 'Target 1'
compiling main.c...
main.c(47): warning:  #223-D: function "memset" declared implicitly
main.c(58): warning:  #223-D: function "abs" declared implicitly
linking...
Program Size: Code=9764 RO-data=6548 RW-data=188 ZI-data=30396  
"Project3.axf" - 0 Error(s), 2 Warning(s).
Load "N:\\2B\\MTE241\\Project4beta\\Project3.AXF" 
Erase Done.
Programming Done.
Verify OK.
Build target 'Target 1'
compiling main.c...
main.c(47): error:  #20: identifier "__FI" is undefined
main.c(50): warning:  #223-D: function "memset" declared implicitly
main.c(61): warning:  #223-D: function "abs" declared implicitly
Target not created
Load "N:\\2B\\MTE241\\Project4beta\\Project3.AXF" 
_____^
*** error 56: cannot open file
Build target 'Target 1'
compiling main.c...
main.c(49): warning:  #223-D: function "memset" declared implicitly
main.c(60): warning:  #223-D: function "abs" declared implicitly
linking...
Program Size: Code=9800 RO-data=6548 RW-data=188 ZI-data=30396  
"Project3.axf" - 0 Error(s), 2 Warning(s).
Load "N:\\2B\\MTE241\\Project4beta\\Project3.AXF" 
Erase Done.
Programming Done.
Verify OK.
Build target 'Target 1'
compiling main.c...
main.c(49): warning:  #223-D: function "memset" declared implicitly
main.c(60): warning:  #223-D: function "abs" declared implicitly
linking...
Program Size: Code=9788 RO-data=6548 RW-data=188 ZI-data=30396  
"Project3.axf" - 0 Error(s), 2 Warning(s).
Load "N:\\2B\\MTE241\\Project4beta\\Project3.AXF" 
Erase Done.
Programming Done.
Verify OK.
Build target 'Target 1'
compiling main.c...
main.c(49): warning:  #223-D: function "memset" declared implicitly
main.c(60): warning:  #223-D: function "abs" declared implicitly
linking...
Program Size: Code=9788 RO-data=6548 RW-data=188 ZI-data=30396  
"Project3.axf" - 0 Error(s), 2 Warning(s).
Load "N:\\2B\\MTE241\\Project4beta\\Project3.AXF" 
Erase Done.
Programming Done.
Verify OK.
Build target 'Target 1'
compiling main.c...
main.c(49): warning:  #223-D: function "memset" declared implicitly
main.c(60): warning:  #223-D: function "abs" declared implicitly
linking...
Program Size: Code=9788 RO-data=6548 RW-data=188 ZI-data=30396  
"Project3.axf" - 0 Error(s), 2 Warning(s).
Load "N:\\2B\\MTE241\\Project4beta\\Project3.AXF" 
Erase Done.
Programming Done.
Verify OK.
Build target 'Target 1'
compiling main.c...
main.c(45): warning:  #223-D: function "abs" declared implicitly
main.c(49): warning:  #223-D: function "memset" declared implicitly
linking...
Program Size: Code=9800 RO-data=6548 RW-data=188 ZI-data=30396  
"Project3.axf" - 0 Error(s), 2 Warning(s).
Load "N:\\2B\\MTE241\\Project4beta\\Project3.AXF" 
Erase Done.
Programming Done.
Verify OK.
Build target 'Target 1'
compiling main.c...
main.c(41): error:  #137: expression must be a modifiable lvalue
main.c(47): warning:  #223-D: function "abs" declared implicitly
main.c(51): warning:  #223-D: function "memset" declared implicitly
compiling ADC.c...
Target not created
Build target 'Target 1'
compiling main.c...
main.c(47): warning:  #223-D: function "abs" declared implicitly
main.c(51): warning:  #223-D: function "memset" declared implicitly
linking...
Program Size: Code=9864 RO-data=6548 RW-data=204 ZI-data=30396  
"Project3.axf" - 0 Error(s), 2 Warning(s).
Load "N:\\2B\\MTE241\\Project4beta\\Project3.AXF" 
Erase Done.
Programming Done.
Verify OK.
Build target 'Target 1'
compiling main.c...
main.c(47): warning:  #223-D: function "abs" declared implicitly
main.c(51): warning:  #223-D: function "memset" declared implicitly
linking...
Program Size: Code=9996 RO-data=6548 RW-data=204 ZI-data=30396  
"Project3.axf" - 0 Error(s), 2 Warning(s).
Load "N:\\2B\\MTE241\\Project4beta\\Project3.AXF" 
Erase Done.
Programming Done.
Verify OK.
Build target 'Target 1'
compiling main.c...
main.c(47): warning:  #223-D: function "abs" declared implicitly
main.c(51): warning:  #223-D: function "memset" declared implicitly
linking...
Program Size: Code=9996 RO-data=6548 RW-data=204 ZI-data=30396  
"Project3.axf" - 0 Error(s), 2 Warning(s).
Load "N:\\2B\\MTE241\\Project4beta\\Project3.AXF" 
Erase Done.
Programming Done.
Verify OK.
Build target 'Target 1'
compiling main.c...
main.c(47): warning:  #223-D: function "abs" declared implicitly
main.c(51): warning:  #223-D: function "memset" declared implicitly
linking...
Program Size: Code=9996 RO-data=6548 RW-data=204 ZI-data=30396  
"Project3.axf" - 0 Error(s), 2 Warning(s).
Load "N:\\2B\\MTE241\\Project4beta\\Project3.AXF" 
Erase Done.
Programming Done.
Verify OK.
Build target 'Target 1'
compiling main.c...
main.c(47): warning:  #223-D: function "abs" declared implicitly
main.c(51): warning:  #223-D: function "memset" declared implicitly
linking...
Program Size: Code=9976 RO-data=6548 RW-data=204 ZI-data=30396  
"Project3.axf" - 0 Error(s), 2 Warning(s).
Load "N:\\2B\\MTE241\\Project4beta\\Project3.AXF" 
Erase Done.
Programming Done.
Verify OK.
Build target 'Target 1'
compiling main.c...
main.c(47): warning:  #223-D: function "abs" declared implicitly
main.c(51): warning:  #223-D: function "memset" declared implicitly
linking...
Program Size: Code=9976 RO-data=6548 RW-data=204 ZI-data=30396  
"Project3.axf" - 0 Error(s), 2 Warning(s).
Load "N:\\2B\\MTE241\\Project4beta\\Project3.AXF" 
Erase Done.
Programming Done.
Verify OK.
Build target 'Target 1'
compiling main.c...
main.c(47): warning:  #223-D: function "abs" declared implicitly
main.c(51): warning:  #223-D: function "memset" declared implicitly
linking...
Program Size: Code=9976 RO-data=6548 RW-data=204 ZI-data=30396  
"Project3.axf" - 0 Error(s), 2 Warning(s).
Load "N:\\2B\\MTE241\\Project4beta\\Project3.AXF" 
Erase Done.
Programming Done.
Verify OK.
Build target 'Target 1'
compiling main.c...
main.c(47): warning:  #223-D: function "abs" declared implicitly
main.c(51): warning:  #223-D: function "memset" declared implicitly
linking...
Program Size: Code=9976 RO-data=6548 RW-data=204 ZI-data=30396  
"Project3.axf" - 0 Error(s), 2 Warning(s).
Load "N:\\2B\\MTE241\\Project4beta\\Project3.AXF" 
Erase Done.
Programming Done.
Verify OK.
Build target 'Target 1'
compiling main.c...
main.c(47): warning:  #223-D: function "abs" declared implicitly
main.c(51): warning:  #223-D: function "memset" declared implicitly
linking...
Program Size: Code=9976 RO-data=6548 RW-data=204 ZI-data=30396  
"Project3.axf" - 0 Error(s), 2 Warning(s).
Load "N:\\2B\\MTE241\\Project4beta\\Project3.AXF" 
Erase Done.
Programming Done.
Verify OK.
Build target 'Target 1'
compiling main.c...
main.c(48): warning:  #223-D: function "abs" declared implicitly
main.c(52): warning:  #223-D: function "memset" declared implicitly
compiling ADC.c...
compiling LED.c...
linking...
Program Size: Code=10152 RO-data=6580 RW-data=204 ZI-data=30396  
"Project3.axf" - 0 Error(s), 2 Warning(s).
Build target 'Target 1'
compiling main.c...
main.c(48): warning:  #223-D: function "abs" declared implicitly
main.c(52): warning:  #223-D: function "memset" declared implicitly
linking...
Program Size: Code=10160 RO-data=6580 RW-data=204 ZI-data=30396  
"Project3.axf" - 0 Error(s), 2 Warning(s).
Load "N:\\2B\\MTE241\\Project4beta\\Project3.AXF" 
Erase Done.
Programming Done.
Verify OK.
Build target 'Target 1'
compiling main.c...
main.c(48): warning:  #223-D: function "abs" declared implicitly
main.c(52): warning:  #223-D: function "memset" declared implicitly
linking...
Program Size: Code=10160 RO-data=6580 RW-data=204 ZI-data=30396  
"Project3.axf" - 0 Error(s), 2 Warning(s).
Load "N:\\2B\\MTE241\\Project4beta\\Project3.AXF" 
Erase Done.
Programming Done.
Verify OK.
Build target 'Target 1'
compiling main.c...
main.c(48): warning:  #223-D: function "abs" declared implicitly
main.c(52): warning:  #223-D: function "memset" declared implicitly
main.c(140): error:  #18: expected a ")"
Target not created
Build target 'Target 1'
compiling main.c...
main.c(48): warning:  #223-D: function "abs" declared implicitly
main.c(52): warning:  #223-D: function "memset" declared implicitly
linking...
Program Size: Code=10160 RO-data=6580 RW-data=204 ZI-data=30396  
"Project3.axf" - 0 Error(s), 2 Warning(s).
Load "N:\\2B\\MTE241\\Project4beta\\Project3.AXF" 
Erase Done.
Programming Done.
Verify OK.
Load "N:\\2B\\MTE241\\Project4beta\\Project3.AXF" 
Erase Done.
Programming Done.
Verify OK.
Build target 'Target 1'
compiling main.c...
main.c(48): warning:  #223-D: function "abs" declared implicitly
main.c(52): warning:  #223-D: function "memset" declared implicitly
linking...
Program Size: Code=10160 RO-data=6580 RW-data=204 ZI-data=30396  
"Project3.axf" - 0 Error(s), 2 Warning(s).
Load "N:\\2B\\MTE241\\Project4beta\\Project3.AXF" 
Erase Done.
Programming Done.
Verify OK.
Build target 'Target 1'
compiling main.c...
main.c(48): warning:  #223-D: function "abs" declared implicitly
main.c(52): warning:  #223-D: function "memset" declared implicitly
linking...
Program Size: Code=10196 RO-data=6580 RW-data=204 ZI-data=30396  
"Project3.axf" - 0 Error(s), 2 Warning(s).
Load "N:\\2B\\MTE241\\Project4beta\\Project3.AXF" 
Erase Done.
Programming Done.
Verify OK.
Build target 'Target 1'
compiling main.c...
main.c(48): warning:  #223-D: function "abs" declared implicitly
main.c(52): warning:  #223-D: function "memset" declared implicitly
main.c(113): error:  #29: expected an expression
main.c(113): warning:  #1293-D: assignment in condition
Target not created
Load "N:\\2B\\MTE241\\Project4beta\\Project3.AXF" 
_____^
*** error 56: cannot open file
Build target 'Target 1'
compiling main.c...
main.c(48): warning:  #223-D: function "abs" declared implicitly
main.c(52): warning:  #223-D: function "memset" declared implicitly
linking...
Program Size: Code=10196 RO-data=6580 RW-data=204 ZI-data=30396  
"Project3.axf" - 0 Error(s), 2 Warning(s).
Load "N:\\2B\\MTE241\\Project4beta\\Project3.AXF" 
Erase Done.
Programming Done.
Verify OK.
Build target 'Target 1'
compiling main.c...
main.c(48): warning:  #223-D: function "abs" declared implicitly
main.c(52): warning:  #223-D: function "memset" declared implicitly
linking...
Program Size: Code=10204 RO-data=6580 RW-data=204 ZI-data=30396  
"Project3.axf" - 0 Error(s), 2 Warning(s).
Load "N:\\2B\\MTE241\\Project4beta\\Project3.AXF" 
Erase Done.
Programming Done.
Verify OK.
Build target 'Target 1'
compiling main.c...
main.c(48): warning:  #223-D: function "abs" declared implicitly
main.c(52): warning:  #223-D: function "memset" declared implicitly
linking...
Program Size: Code=10204 RO-data=6580 RW-data=204 ZI-data=30396  
"Project3.axf" - 0 Error(s), 2 Warning(s).
Load "N:\\2B\\MTE241\\Project4beta\\Project3.AXF" 
Erase Done.
Programming Done.
Verify OK.
Build target 'Target 1'
compiling main.c...
main.c(48): warning:  #223-D: function "abs" declared implicitly
main.c(52): warning:  #223-D: function "memset" declared implicitly
linking...
Program Size: Code=10204 RO-data=6580 RW-data=204 ZI-data=30396  
"Project3.axf" - 0 Error(s), 2 Warning(s).
Load "N:\\2B\\MTE241\\Project4beta\\Project3.AXF" 
Erase Done.
Programming Done.
Verify OK.
Build target 'Target 1'
compiling main.c...
main.c(48): warning:  #223-D: function "abs" declared implicitly
main.c(52): warning:  #223-D: function "memset" declared implicitly
linking...
Program Size: Code=10204 RO-data=6580 RW-data=204 ZI-data=30396  
"Project3.axf" - 0 Error(s), 2 Warning(s).
Load "N:\\2B\\MTE241\\Project4beta\\Project3.AXF" 
Erase Done.
Programming Done.
Verify OK.
Build target 'Target 1'
compiling main.c...
main.c(48): warning:  #223-D: function "abs" declared implicitly
main.c(52): warning:  #223-D: function "memset" declared implicitly
linking...
Program Size: Code=10192 RO-data=6580 RW-data=204 ZI-data=30396  
"Project3.axf" - 0 Error(s), 2 Warning(s).
Load "N:\\2B\\MTE241\\Project4beta\\Project3.AXF" 
Erase Done.
Programming Done.
Verify OK.
Build target 'Target 1'
compiling main.c...
main.c(50): warning:  #223-D: function "abs" declared implicitly
main.c(54): warning:  #223-D: function "memset" declared implicitly
linking...
Program Size: Code=10196 RO-data=6580 RW-data=204 ZI-data=30396  
"Project3.axf" - 0 Error(s), 2 Warning(s).
Load "N:\\2B\\MTE241\\Project4beta\\Project3.AXF" 
Erase Done.
Programming Done.
Verify OK.
Load "N:\\2B\\MTE241\\Project4beta\\Project3.AXF" 
Erase Done.
Programming Done.
Verify OK.
Build target 'Target 1'
compiling main.c...
main.c(50): warning:  #223-D: function "abs" declared implicitly
main.c(54): warning:  #223-D: function "memset" declared implicitly
linking...
Program Size: Code=10236 RO-data=6580 RW-data=204 ZI-data=30396  
"Project3.axf" - 0 Error(s), 2 Warning(s).
Load "N:\\2B\\MTE241\\Project4beta\\Project3.AXF" 
Erase Done.
Programming Done.
Verify OK.
Build target 'Target 1'
compiling main.c...
main.c(50): warning:  #223-D: function "abs" declared implicitly
main.c(54): warning:  #223-D: function "memset" declared implicitly
linking...
Program Size: Code=10236 RO-data=6580 RW-data=204 ZI-data=30396  
"Project3.axf" - 0 Error(s), 2 Warning(s).
Load "N:\\2B\\MTE241\\Project4beta\\Project3.AXF" 
Erase Done.
Programming Done.
Verify OK.
Build target 'Target 1'
compiling main.c...
main.c(50): warning:  #223-D: function "abs" declared implicitly
main.c(54): warning:  #223-D: function "memset" declared implicitly
linking...
Program Size: Code=10244 RO-data=6580 RW-data=204 ZI-data=30396  
"Project3.axf" - 0 Error(s), 2 Warning(s).
Load "N:\\2B\\MTE241\\Project4beta\\Project3.AXF" 
Erase Done.
Programming Done.
Verify OK.
Build target 'Target 1'
compiling main.c...
main.c(50): warning:  #223-D: function "abs" declared implicitly
main.c(54): warning:  #223-D: function "memset" declared implicitly
main.c(125): warning:  #223-D: function "os_delete_self" declared implicitly
linking...
Project3.axf: Error: L6218E: Undefined symbol os_delete_self (referred from main.o).
Target not created
Build target 'Target 1'
compiling main.c...
main.c(50): warning:  #223-D: function "abs" declared implicitly
main.c(54): warning:  #223-D: function "memset" declared implicitly
linking...
Program Size: Code=10500 RO-data=6580 RW-data=204 ZI-data=30396  
"Project3.axf" - 0 Error(s), 2 Warning(s).
Load "N:\\2B\\MTE241\\Project4beta\\Project3.AXF" 
Erase Done.
Programming Done.
Verify OK.
Build target 'Target 1'
compiling main.c...
main.c(50): warning:  #223-D: function "abs" declared implicitly
main.c(54): warning:  #223-D: function "memset" declared implicitly
linking...
Program Size: Code=10476 RO-data=6580 RW-data=204 ZI-data=30396  
"Project3.axf" - 0 Error(s), 2 Warning(s).
Load "N:\\2B\\MTE241\\Project4beta\\Project3.AXF" 
Erase Done.
Programming Done.
Verify OK.
Build target 'Target 1'
compiling main.c...
main.c(50): warning:  #223-D: function "abs" declared implicitly
main.c(54): warning:  #223-D: function "memset" declared implicitly
linking...
Program Size: Code=10500 RO-data=6580 RW-data=204 ZI-data=30396  
"Project3.axf" - 0 Error(s), 2 Warning(s).
Load "N:\\2B\\MTE241\\Project4beta\\Project3.AXF" 
Erase Done.
Programming Done.
Verify OK.
Build target 'Target 1'
compiling main.c...
main.c(50): warning:  #223-D: function "abs" declared implicitly
main.c(54): warning:  #223-D: function "memset" declared implicitly
linking...
Program Size: Code=10500 RO-data=6580 RW-data=204 ZI-data=30396  
"Project3.axf" - 0 Error(s), 2 Warning(s).
Load "N:\\2B\\MTE241\\Project4beta\\Project3.AXF" 
Erase Done.
Programming Done.
Verify OK.
Build target 'Target 1'
compiling GLCD_SPI_LPC1700.c...
linking...
Program Size: Code=10500 RO-data=6580 RW-data=204 ZI-data=30396  
"Project3.axf" - 0 Error(s), 0 Warning(s).
Load "N:\\2B\\MTE241\\Project4beta\\Project3.AXF" 
Erase Done.
Programming Done.
Verify OK.
Build target 'Target 1'
compiling main.c...
main.c(52): warning:  #223-D: function "abs" declared implicitly
main.c(56): warning:  #223-D: function "memset" declared implicitly
linking...
Program Size: Code=10508 RO-data=6580 RW-data=204 ZI-data=30396  
"Project3.axf" - 0 Error(s), 2 Warning(s).
Load "N:\\2B\\MTE241\\Project4beta\\Project3.AXF" 
Erase Done.
Programming Done.
Verify OK.
Build target 'Target 1'
compiling main.c...
main.c(52): warning:  #223-D: function "abs" declared implicitly
main.c(56): warning:  #223-D: function "memset" declared implicitly
linking...
Program Size: Code=10520 RO-data=6580 RW-data=204 ZI-data=30396  
"Project3.axf" - 0 Error(s), 2 Warning(s).
Load "N:\\2B\\MTE241\\Project4beta\\Project3.AXF" 
Erase Done.
Programming Done.
Verify OK.
Build target 'Target 1'
compiling main.c...
main.c(52): warning:  #223-D: function "abs" declared implicitly
main.c(56): warning:  #223-D: function "memset" declared implicitly
linking...
Program Size: Code=10552 RO-data=6580 RW-data=204 ZI-data=30396  
"Project3.axf" - 0 Error(s), 2 Warning(s).
Load "N:\\2B\\MTE241\\Project4beta\\Project3.AXF" 
Erase Done.
Programming Done.
Verify OK.
Build target 'Target 1'
compiling main.c...
main.c(52): warning:  #223-D: function "abs" declared implicitly
main.c(56): warning:  #223-D: function "memset" declared implicitly
linking...
Program Size: Code=10568 RO-data=6580 RW-data=204 ZI-data=30396  
"Project3.axf" - 0 Error(s), 2 Warning(s).
Load "N:\\2B\\MTE241\\Project4beta\\Project3.AXF" 
Erase Done.
Programming Done.
Verify OK.
Build target 'Target 1'
compiling main.c...
main.c(52): warning:  #223-D: function "abs" declared implicitly
main.c(56): warning:  #223-D: function "memset" declared implicitly
linking...
Program Size: Code=10564 RO-data=6580 RW-data=204 ZI-data=30396  
"Project3.axf" - 0 Error(s), 2 Warning(s).
Load "N:\\2B\\MTE241\\Project4beta\\Project3.AXF" 
Erase Done.
Programming Done.
Verify OK.
Build target 'Target 1'
compiling main.c...
main.c(43): warning:  #223-D: function "memset" declared implicitly
main.c(63): warning:  #223-D: function "abs" declared implicitly
linking...
Program Size: Code=10696 RO-data=6580 RW-data=208 ZI-data=30512  
"Project3.axf" - 0 Error(s), 2 Warning(s).
Load "N:\\2B\\MTE241\\Project4beta\\Project3.AXF" 
Erase Done.
Programming Done.
Verify OK.
Build target 'Target 1'
compiling main.c...
main.c(43): warning:  #223-D: function "memset" declared implicitly
main.c(63): warning:  #223-D: function "abs" declared implicitly
linking...
Program Size: Code=10704 RO-data=6580 RW-data=208 ZI-data=30512  
"Project3.axf" - 0 Error(s), 2 Warning(s).
Load "N:\\2B\\MTE241\\Project4beta\\Project3.AXF" 
Erase Done.
Programming Done.
Verify OK.
Build target 'Target 1'
compiling main.c...
main.c(43): warning:  #223-D: function "memset" declared implicitly
main.c(63): warning:  #223-D: function "abs" declared implicitly
linking...
Program Size: Code=10712 RO-data=6580 RW-data=208 ZI-data=30512  
"Project3.axf" - 0 Error(s), 2 Warning(s).
Load "N:\\2B\\MTE241\\Project4beta\\Project3.AXF" 
Erase Done.
Programming Done.
Verify OK.
Build target 'Target 1'
compiling main.c...
main.c(43): warning:  #223-D: function "memset" declared implicitly
main.c(63): warning:  #223-D: function "abs" declared implicitly
linking...
Program Size: Code=10712 RO-data=6580 RW-data=208 ZI-data=30512  
"Project3.axf" - 0 Error(s), 2 Warning(s).
Load "N:\\2B\\MTE241\\Project4beta\\Project3.AXF" 
Erase Done.
Programming Done.
Verify OK.
Build target 'Target 1'
compiling main.c...
main.c(43): warning:  #223-D: function "memset" declared implicitly
main.c(63): warning:  #223-D: function "abs" declared implicitly
linking...
Program Size: Code=10712 RO-data=6580 RW-data=208 ZI-data=30512  
"Project3.axf" - 0 Error(s), 2 Warning(s).
Load "N:\\2B\\MTE241\\Project4beta\\Project3.AXF" 
Erase Done.
Programming Done.
Verify OK.
Build target 'Target 1'
compiling main.c...
main.c(43): warning:  #223-D: function "memset" declared implicitly
main.c(63): warning:  #223-D: function "abs" declared implicitly
linking...
Program Size: Code=10712 RO-data=6580 RW-data=208 ZI-data=30512  
"Project3.axf" - 0 Error(s), 2 Warning(s).
Load "N:\\2B\\MTE241\\Project4beta\\Project3.AXF" 
Erase Done.
Programming Done.
Verify OK.
Build target 'Target 1'
compiling main.c...
main.c(43): warning:  #223-D: function "memset" declared implicitly
main.c(63): warning:  #223-D: function "abs" declared implicitly
linking...
Program Size: Code=10712 RO-data=6580 RW-data=208 ZI-data=30512  
"Project3.axf" - 0 Error(s), 2 Warning(s).
Load "N:\\2B\\MTE241\\Project4beta\\Project3.AXF" 
Erase Done.
Programming Done.
Verify OK.
Build target 'Target 1'
compiling main.c...
main.c(43): warning:  #223-D: function "memset" declared implicitly
main.c(54): error:  #20: identifier "diff" is undefined
main.c(66): warning:  #223-D: function "abs" declared implicitly
main.c(66): error:  #20: identifier "diff" is undefined
main.c(87): warning:  #223-D: function "abs" declared implicitly
Target not created
Build target 'Target 1'
compiling main.c...
main.c(43): warning:  #223-D: function "memset" declared implicitly
main.c(66): warning:  #223-D: function "abs" declared implicitly
main.c(85): warning:  #223-D: function "abs" declared implicitly
linking...
Program Size: Code=11004 RO-data=6580 RW-data=204 ZI-data=30516  
"Project3.axf" - 0 Error(s), 3 Warning(s).
Load "N:\\2B\\MTE241\\Project4beta\\Project3.AXF" 
Erase Done.
Programming Done.
Verify OK.
Build target 'Target 1'
compiling main.c...
main.c(44): warning:  #223-D: function "memset" declared implicitly
main.c(67): warning:  #223-D: function "abs" declared implicitly
main.c(86): warning:  #223-D: function "abs" declared implicitly
linking...
Program Size: Code=11004 RO-data=6580 RW-data=204 ZI-data=30516  
"Project3.axf" - 0 Error(s), 3 Warning(s).
Load "N:\\2B\\MTE241\\Project4beta\\Project3.AXF" 
Erase Done.
Programming Done.
Verify OK.
Build target 'Target 1'
compiling main.c...
main.c(44): warning:  #223-D: function "memset" declared implicitly
main.c(67): warning:  #223-D: function "abs" declared implicitly
main.c(86): warning:  #223-D: function "abs" declared implicitly
linking...
Program Size: Code=11004 RO-data=6580 RW-data=204 ZI-data=30516  
"Project3.axf" - 0 Error(s), 3 Warning(s).
Build target 'Target 1'
compiling main.c...
main.c(44): warning:  #223-D: function "memset" declared implicitly
main.c(67): warning:  #223-D: function "abs" declared implicitly
main.c(86): warning:  #223-D: function "abs" declared implicitly
linking...
Program Size: Code=11004 RO-data=6580 RW-data=204 ZI-data=30516  
"Project3.axf" - 0 Error(s), 3 Warning(s).
Load "N:\\2B\\MTE241\\Project4beta\\Project3.AXF" 
Erase Done.
Programming Done.
Verify OK.
Build target 'Target 1'
compiling main.c...
main.c(44): warning:  #223-D: function "memset" declared implicitly
main.c(67): warning:  #223-D: function "abs" declared implicitly
main.c(86): warning:  #223-D: function "abs" declared implicitly
linking...
Program Size: Code=11004 RO-data=6580 RW-data=204 ZI-data=30516  
"Project3.axf" - 0 Error(s), 3 Warning(s).
Load "N:\\2B\\MTE241\\Project4beta\\Project3.AXF" 
Erase Done.
Programming Done.
Verify OK.
Build target 'Target 1'
compiling main.c...
main.c(44): warning:  #223-D: function "memset" declared implicitly
main.c(67): warning:  #223-D: function "abs" declared implicitly
main.c(86): warning:  #223-D: function "abs" declared implicitly
linking...
Program Size: Code=11004 RO-data=6580 RW-data=204 ZI-data=30516  
"Project3.axf" - 0 Error(s), 3 Warning(s).
Load "N:\\2B\\MTE241\\Project4beta\\Project3.AXF" 
Erase Done.
Programming Done.
Verify OK.
Build target 'Target 1'
compiling main.c...
main.c(44): warning:  #223-D: function "memset" declared implicitly
main.c(67): warning:  #223-D: function "abs" declared implicitly
main.c(86): warning:  #223-D: function "abs" declared implicitly
linking...
Program Size: Code=11004 RO-data=6580 RW-data=204 ZI-data=30516  
"Project3.axf" - 0 Error(s), 3 Warning(s).
Load "N:\\2B\\MTE241\\Project4beta\\Project3.AXF" 
Erase Done.
Programming Done.
Verify OK.
Build target 'Target 1'
compiling main.c...
main.c(44): warning:  #223-D: function "memset" declared implicitly
main.c(67): warning:  #223-D: function "abs" declared implicitly
main.c(86): warning:  #223-D: function "abs" declared implicitly
linking...
Program Size: Code=11004 RO-data=6580 RW-data=204 ZI-data=30516  
"Project3.axf" - 0 Error(s), 3 Warning(s).
Load "N:\\2B\\MTE241\\Project4beta\\Project3.AXF" 
Erase Done.
Programming Done.
Verify OK.
Build target 'Target 1'
compiling main.c...
main.c(44): warning:  #223-D: function "memset" declared implicitly
main.c(67): warning:  #223-D: function "abs" declared implicitly
main.c(86): warning:  #223-D: function "abs" declared implicitly
linking...
Program Size: Code=11004 RO-data=6580 RW-data=204 ZI-data=30516  
"Project3.axf" - 0 Error(s), 3 Warning(s).
Load "N:\\2B\\MTE241\\Project4beta\\Project3.AXF" 
Erase Done.
Programming Done.
Verify OK.
Build target 'Target 1'
compiling main.c...
main.c(44): warning:  #223-D: function "memset" declared implicitly
main.c(67): warning:  #223-D: function "abs" declared implicitly
main.c(86): warning:  #223-D: function "abs" declared implicitly
linking...
Program Size: Code=11008 RO-data=6580 RW-data=204 ZI-data=30516  
"Project3.axf" - 0 Error(s), 3 Warning(s).
Load "N:\\2B\\MTE241\\Project4beta\\Project3.AXF" 
Erase Done.
Programming Done.
Verify OK.
