ARM Linker, 5.02 [Build 28] [MDK-ARM Lite]

==============================================================================

Section Cross References

    startup_lpc17xx.o(RESET) refers to startup_lpc17xx.o(STACK) for __initial_sp
    startup_lpc17xx.o(RESET) refers to startup_lpc17xx.o(.text) for Reset_Handler
    startup_lpc17xx.o(RESET) refers to hal_cm3.o(.emb_text) for SVC_Handler
    startup_lpc17xx.o(RESET) refers to uart.o(.text) for UART0_IRQHandler
    startup_lpc17xx.o(RESET) refers to int0.o(.text) for EINT3_IRQHandler
    startup_lpc17xx.o(RESET) refers to adc.o(.text) for ADC_IRQHandler
    startup_lpc17xx.o(.text) refers to system_lpc17xx.o(.text) for SystemInit
    startup_lpc17xx.o(.text) refers to entry.o(.ARM.Collect$$$$00000000) for __main
    system_lpc17xx.o(.text) refers to uldiv.o(.text) for __aeabi_uldivmod
    system_lpc17xx.o(.text) refers to system_lpc17xx.o(.data) for SystemCoreClock
    retarget.o(.text) refers to uart.o(.text) for UARTInit
    retarget.o(.text) refers to retarget.o(.data) for uart_init_called
    uart.o(.text) refers to uart.o(.data) for RcvLock0
    uart.o(.text) refers to uart.o(.bss) for UART0Buffer
    uart.o(.text) refers to system_lpc17xx.o(.data) for SystemCoreClock
    main.o(.text) refers to dfltui.o(.text) for __aeabi_ui2d
    main.o(.text) refers to glcd_spi_lpc1700.o(.text) for GLCD_DisplayString
    main.o(.text) refers to main.o(i.reset) for reset
    main.o(.text) refers to main.o(i.destroy_left) for destroy_left
    main.o(.text) refers to main.o(i.destroy_right) for destroy_right
    main.o(.text) refers to led.o(.text) for LED_Out
    main.o(.text) refers to dadd.o(.text) for __aeabi_dsub
    main.o(.text) refers to cdcmple.o(.text) for __aeabi_cdcmple
    main.o(.text) refers to adc.o(.text) for ADC_StartCnv
    main.o(.text) refers to dflti.o(.text) for __aeabi_i2d
    main.o(.text) refers to main.o(.data) for next_block
    main.o(.text) refers to rt_semaphore.o(i.rt_sem_wait) for rt_sem_wait
    main.o(.text) refers to rt_time.o(i.rt_time_get) for rt_time_get
    main.o(.text) refers to main.o(.bss) for current_block
    main.o(.text) refers to adc.o(.data) for AD_last
    main.o(.text) refers to int0.o(.data) for random
    main.o(.text) refers to rt_task.o(i.rt_tsk_delete) for rt_tsk_delete
    main.o(.text) refers to rt_task.o(i.rt_tsk_prio) for rt_tsk_prio
    main.o(.text) refers to rt_semaphore.o(i.rt_sem_init) for rt_sem_init
    main.o(.text) refers to rt_task.o(i.rt_tsk_create) for rt_tsk_create
    main.o(.text) refers to rt_semaphore.o(i.rt_sem_send) for rt_sem_send
    main.o(.text) refers to cdrcmple.o(.text) for __aeabi_cdrcmple
    main.o(.text) refers to system_lpc17xx.o(.text) for SystemInit
    main.o(.text) refers to int0.o(.text) for INT0_Init
    main.o(.text) refers to hal_cm3.o(.emb_text) for os_set_env
    main.o(.text) refers to rt_task.o(i.rt_sys_init) for rt_sys_init
    adc.o(.text) refers to adc.o(.data) for AD_last
    glcd_spi_lpc1700.o(.text) refers to glcd_spi_lpc1700.o(.data) for Himax
    glcd_spi_lpc1700.o(.text) refers to glcd_spi_lpc1700.o(.constdata) for Font_6x8_h
    int0.o(.text) refers to int0.o(.data) for random
    led.o(.text) refers to led.o(.constdata) for led_mask
    rt_task.o(i.rt_block) refers to rt_list.o(i.rt_put_dly) for rt_put_dly
    rt_task.o(i.rt_block) refers to rt_list.o(i.rt_get_first) for rt_get_first
    rt_task.o(i.rt_block) refers to rt_task.o(i.rt_switch_req) for rt_switch_req
    rt_task.o(i.rt_block) refers to rt_task.o(.data) for .data
    rt_task.o(i.rt_block) refers to rt_list.o(.bss) for os_rdy
    rt_task.o(i.rt_dispatch) refers to rt_list.o(i.rt_put_rdy_first) for rt_put_rdy_first
    rt_task.o(i.rt_dispatch) refers to rt_task.o(i.rt_switch_req) for rt_switch_req
    rt_task.o(i.rt_dispatch) refers to rt_list.o(i.rt_get_first) for rt_get_first
    rt_task.o(i.rt_dispatch) refers to rt_list.o(i.rt_put_prio) for rt_put_prio
    rt_task.o(i.rt_dispatch) refers to rt_task.o(.data) for .data
    rt_task.o(i.rt_dispatch) refers to rt_list.o(.bss) for os_rdy
    rt_task.o(i.rt_init_context) refers to rt_membox.o(i.rt_alloc_box) for rt_alloc_box
    rt_task.o(i.rt_init_context) refers to hal_cm3.o(i.rt_init_stack) for rt_init_stack
    rt_task.o(i.rt_init_context) refers to rtx_conf_cm.o(.bss) for mp_stk
    rt_task.o(i.rt_switch_req) refers to hal_cm3.o(i.dbg_task_switch) for dbg_task_switch
    rt_task.o(i.rt_switch_req) refers to rt_task.o(.data) for .data
    rt_task.o(i.rt_switch_req) refers to hal_cm3.o(.data) for dbg_msg
    rt_task.o(i.rt_sys_init) refers to hal_cm3.o(i.dbg_init) for dbg_init
    rt_task.o(i.rt_sys_init) refers to rt_membox.o(i._init_box) for _init_box
    rt_task.o(i.rt_sys_init) refers to rt_task.o(i.rt_init_context) for rt_init_context
    rt_task.o(i.rt_sys_init) refers to hal_cm3.o(.emb_text) for rt_set_PSP
    rt_task.o(i.rt_sys_init) refers to rtx_conf_cm.o(.text) for rt_init_robin
    rt_task.o(i.rt_sys_init) refers to rt_system.o(i.os_tick_init) for os_tick_init
    rt_task.o(i.rt_sys_init) refers to rt_task.o(i.rt_tsk_create) for rt_tsk_create
    rt_task.o(i.rt_sys_init) refers to rtx_conf_cm.o(.bss) for os_active_TCB
    rt_task.o(i.rt_sys_init) refers to rtx_conf_cm.o(.constdata) for os_maxtaskrun
    rt_task.o(i.rt_sys_init) refers to rtx_conf_cm.o(.data) for m_tmr
    rt_task.o(i.rt_sys_init) refers to rt_task.o(.bss) for .bss
    rt_task.o(i.rt_sys_init) refers to rt_list.o(.bss) for os_rdy
    rt_task.o(i.rt_sys_init) refers to rt_task.o(.data) for .data
    rt_task.o(i.rt_sys_init) refers to rt_system.o(.data) for os_tick_irqn
    rt_task.o(i.rt_tsk_create) refers to rt_membox.o(i.rt_alloc_box) for rt_alloc_box
    rt_task.o(i.rt_tsk_create) refers to rt_task.o(i.rt_init_context) for rt_init_context
    rt_task.o(i.rt_tsk_create) refers to hal_cm3.o(i.dbg_task_notify) for dbg_task_notify
    rt_task.o(i.rt_tsk_create) refers to rt_task.o(i.rt_dispatch) for rt_dispatch
    rt_task.o(i.rt_tsk_create) refers to rtx_conf_cm.o(.bss) for mp_tcb
    rt_task.o(i.rt_tsk_create) refers to rtx_conf_cm.o(.constdata) for os_maxtaskrun
    rt_task.o(i.rt_tsk_create) refers to hal_cm3.o(.data) for dbg_msg
    rt_task.o(i.rt_tsk_create) refers to rt_task.o(.data) for .data
    rt_task.o(i.rt_tsk_delete) refers to hal_cm3.o(.emb_text) for rt_get_PSP
    rt_task.o(i.rt_tsk_delete) refers to rt_system.o(i.rt_stk_check) for rt_stk_check
    rt_task.o(i.rt_tsk_delete) refers to rt_membox.o(i.rt_free_box) for rt_free_box
    rt_task.o(i.rt_tsk_delete) refers to hal_cm3.o(i.dbg_task_notify) for dbg_task_notify
    rt_task.o(i.rt_tsk_delete) refers to rt_task.o(i.rt_dispatch) for rt_dispatch
    rt_task.o(i.rt_tsk_delete) refers to rt_list.o(i.rt_rmv_list) for rt_rmv_list
    rt_task.o(i.rt_tsk_delete) refers to rt_list.o(i.rt_rmv_dly) for rt_rmv_dly
    rt_task.o(i.rt_tsk_delete) refers to hal_cm3.o(.data) for dbg_msg
    rt_task.o(i.rt_tsk_delete) refers to rt_task.o(.data) for .data
    rt_task.o(i.rt_tsk_delete) refers to rtx_conf_cm.o(.bss) for os_active_TCB
    rt_task.o(i.rt_tsk_delete) refers to rtx_conf_cm.o(.constdata) for os_maxtaskrun
    rt_task.o(i.rt_tsk_pass) refers to rt_list.o(i.rt_get_same_rdy_prio) for rt_get_same_rdy_prio
    rt_task.o(i.rt_tsk_pass) refers to rt_list.o(i.rt_put_prio) for rt_put_prio
    rt_task.o(i.rt_tsk_pass) refers to rt_task.o(i.rt_switch_req) for rt_switch_req
    rt_task.o(i.rt_tsk_pass) refers to rt_task.o(.data) for .data
    rt_task.o(i.rt_tsk_pass) refers to rt_list.o(.bss) for os_rdy
    rt_task.o(i.rt_tsk_prio) refers to rt_list.o(i.rt_put_prio) for rt_put_prio
    rt_task.o(i.rt_tsk_prio) refers to rt_list.o(i.rt_resort_prio) for rt_resort_prio
    rt_task.o(i.rt_tsk_prio) refers to rt_list.o(i.rt_get_first) for rt_get_first
    rt_task.o(i.rt_tsk_prio) refers to rt_task.o(i.rt_dispatch) for rt_dispatch
    rt_task.o(i.rt_tsk_prio) refers to rt_task.o(.data) for .data
    rt_task.o(i.rt_tsk_prio) refers to rtx_conf_cm.o(.constdata) for os_maxtaskrun
    rt_task.o(i.rt_tsk_prio) refers to rtx_conf_cm.o(.bss) for os_active_TCB
    rt_task.o(i.rt_tsk_prio) refers to rt_list.o(.bss) for os_rdy
    rt_task.o(i.rt_tsk_self) refers to rt_task.o(.data) for .data
    rt_semaphore.o(i.isr_sem_send) refers to rt_list.o(i.rt_psq_enq) for rt_psq_enq
    rt_semaphore.o(i.isr_sem_send) refers to rt_system.o(i.rt_psh_req) for rt_psh_req
    rt_semaphore.o(i.rt_sem_psh) refers to rt_list.o(i.rt_get_first) for rt_get_first
    rt_semaphore.o(i.rt_sem_psh) refers to rt_list.o(i.rt_rmv_dly) for rt_rmv_dly
    rt_semaphore.o(i.rt_sem_psh) refers to rt_list.o(i.rt_put_prio) for rt_put_prio
    rt_semaphore.o(i.rt_sem_psh) refers to rt_list.o(.bss) for os_rdy
    rt_semaphore.o(i.rt_sem_send) refers to rt_list.o(i.rt_get_first) for rt_get_first
    rt_semaphore.o(i.rt_sem_send) refers to rt_list.o(i.rt_rmv_dly) for rt_rmv_dly
    rt_semaphore.o(i.rt_sem_send) refers to rt_task.o(i.rt_dispatch) for rt_dispatch
    rt_semaphore.o(i.rt_sem_send) refers to rt_task.o(.data) for os_tsk
    rt_semaphore.o(i.rt_sem_wait) refers to rt_list.o(i.rt_put_prio) for rt_put_prio
    rt_semaphore.o(i.rt_sem_wait) refers to rt_task.o(i.rt_block) for rt_block
    rt_semaphore.o(i.rt_sem_wait) refers to rt_task.o(.data) for os_tsk
    rt_time.o(i.rt_dly_wait) refers to rt_task.o(i.rt_block) for rt_block
    rt_time.o(i.rt_itv_set) refers to rt_task.o(.data) for os_tsk
    rt_time.o(i.rt_itv_set) refers to rt_time.o(.data) for .data
    rt_time.o(i.rt_itv_wait) refers to rt_task.o(i.rt_block) for rt_block
    rt_time.o(i.rt_itv_wait) refers to rt_task.o(.data) for os_tsk
    rt_time.o(i.rt_itv_wait) refers to rt_time.o(.data) for .data
    rt_time.o(i.rt_time_get) refers to rt_time.o(.data) for .data
    hal_cm3.o(.emb_text) refers to rtx_conf_cm.o(.constdata) for os_flags
    hal_cm3.o(.emb_text) refers to rt_membox.o(i.rt_alloc_box) for rt_alloc_box
    hal_cm3.o(.emb_text) refers to rt_membox.o(i.rt_free_box) for rt_free_box
    hal_cm3.o(.emb_text) refers to rt_system.o(i.rt_stk_check) for rt_stk_check
    hal_cm3.o(.emb_text) refers to rt_task.o(.data) for os_tsk
    hal_cm3.o(.emb_text) refers to SVC_Table.o(SVC_TABLE) for SVC_Count
    hal_cm3.o(.emb_text) refers to rt_system.o(i.rt_pop_req) for rt_pop_req
    hal_cm3.o(.emb_text) refers to rt_system.o(i.rt_systick) for rt_systick
    hal_cm3.o(.emb_text) refers to rt_system.o(i.os_tick_irqack) for os_tick_irqack
    hal_cm3.o(i.dbg_init) refers to hal_cm3.o(.data) for .data
    hal_cm3.o(i.rt_init_stack) refers to rtx_conf_cm.o(.constdata) for os_stackinfo
    rt_system.o(i.os_tick_init) refers to rtx_conf_cm.o(.constdata) for os_trv
    rt_system.o(i.rt_pop_req) refers to rt_list.o(i.rt_put_rdy_first) for rt_put_rdy_first
    rt_system.o(i.rt_pop_req) refers to rt_semaphore.o(i.rt_sem_psh) for rt_sem_psh
    rt_system.o(i.rt_pop_req) refers to rt_list.o(i.rt_get_first) for rt_get_first
    rt_system.o(i.rt_pop_req) refers to rt_task.o(i.rt_switch_req) for rt_switch_req
    rt_system.o(i.rt_pop_req) refers to rt_event.o(i.rt_evt_psh) for rt_evt_psh
    rt_system.o(i.rt_pop_req) refers to rt_mailbox.o(i.rt_mbx_psh) for rt_mbx_psh
    rt_system.o(i.rt_pop_req) refers to rt_task.o(.data) for os_tsk
    rt_system.o(i.rt_pop_req) refers to rtx_conf_cm.o(.bss) for os_fifo
    rt_system.o(i.rt_pop_req) refers to rt_list.o(.bss) for os_rdy
    rt_system.o(i.rt_psh_req) refers to rt_system.o(.data) for .data
    rt_system.o(i.rt_resume) refers to rt_list.o(i.rt_put_rdy_first) for rt_put_rdy_first
    rt_system.o(i.rt_resume) refers to rt_list.o(i.rt_dec_dly) for rt_dec_dly
    rt_system.o(i.rt_resume) refers to rt_timer.o(i.rt_tmr_tick) for rt_tmr_tick
    rt_system.o(i.rt_resume) refers to rt_list.o(i.rt_get_first) for rt_get_first
    rt_system.o(i.rt_resume) refers to rt_task.o(i.rt_switch_req) for rt_switch_req
    rt_system.o(i.rt_resume) refers to rt_system.o(i.rt_tsk_unlock) for rt_tsk_unlock
    rt_system.o(i.rt_resume) refers to rt_task.o(.data) for os_tsk
    rt_system.o(i.rt_resume) refers to rt_robin.o(.data) for os_robin
    rt_system.o(i.rt_resume) refers to rt_list.o(.bss) for os_dly
    rt_system.o(i.rt_resume) refers to rt_time.o(.data) for os_time
    rt_system.o(i.rt_resume) refers to rt_timer.o(.data) for os_tmr
    rt_system.o(i.rt_stk_check) refers to rtx_conf_cm.o(.text) for os_error
    rt_system.o(i.rt_stk_check) refers to rt_task.o(.data) for os_tsk
    rt_system.o(i.rt_suspend) refers to rt_system.o(i.rt_tsk_lock) for rt_tsk_lock
    rt_system.o(i.rt_suspend) refers to rt_list.o(.bss) for os_dly
    rt_system.o(i.rt_suspend) refers to rt_timer.o(.data) for os_tmr
    rt_system.o(i.rt_systick) refers to rt_list.o(i.rt_put_rdy_first) for rt_put_rdy_first
    rt_system.o(i.rt_systick) refers to rtx_conf_cm.o(.text) for rt_chk_robin
    rt_system.o(i.rt_systick) refers to rt_list.o(i.rt_dec_dly) for rt_dec_dly
    rt_system.o(i.rt_systick) refers to rt_timer.o(i.rt_tmr_tick) for rt_tmr_tick
    rt_system.o(i.rt_systick) refers to rt_list.o(i.rt_get_first) for rt_get_first
    rt_system.o(i.rt_systick) refers to rt_task.o(i.rt_switch_req) for rt_switch_req
    rt_system.o(i.rt_systick) refers to rt_task.o(.data) for os_tsk
    rt_system.o(i.rt_systick) refers to rt_time.o(.data) for os_time
    rt_system.o(i.rt_systick) refers to rt_list.o(.bss) for os_rdy
    rt_system.o(i.rt_tsk_lock) refers to rt_system.o(.data) for .data
    rt_system.o(i.rt_tsk_unlock) refers to rt_system.o(.data) for .data
    rt_list.o(i.rt_dec_dly) refers to rt_list.o(i.rt_put_prio) for rt_put_prio
    rt_list.o(i.rt_dec_dly) refers to rt_list.o(.bss) for .bss
    rt_list.o(i.rt_dec_dly) refers to rt_time.o(.data) for os_time
    rt_list.o(i.rt_get_same_rdy_prio) refers to rt_list.o(.bss) for .bss
    rt_list.o(i.rt_get_same_rdy_prio) refers to rt_task.o(.data) for os_tsk
    rt_list.o(i.rt_psq_enq) refers to rtx_conf_cm.o(.text) for os_error
    rt_list.o(i.rt_psq_enq) refers to rtx_conf_cm.o(.bss) for os_fifo
    rt_list.o(i.rt_put_dly) refers to rt_list.o(.bss) for .bss
    rt_list.o(i.rt_put_rdy_first) refers to rt_list.o(.bss) for .bss
    rt_list.o(i.rt_resort_prio) refers to rt_list.o(i.rt_rmv_list) for rt_rmv_list
    rt_list.o(i.rt_resort_prio) refers to rt_list.o(i.rt_put_prio) for rt_put_prio
    rt_list.o(i.rt_resort_prio) refers to rt_list.o(.bss) for .bss
    rt_list.o(i.rt_rmv_list) refers to rt_list.o(.bss) for .bss
    rt_membox.o(i._calloc_box) refers to hal_cm3.o(.emb_text) for _alloc_box
    rt_event.o(i.isr_evt_set) refers to rt_list.o(i.rt_psq_enq) for rt_psq_enq
    rt_event.o(i.isr_evt_set) refers to rt_system.o(i.rt_psh_req) for rt_psh_req
    rt_event.o(i.isr_evt_set) refers to rtx_conf_cm.o(.bss) for os_active_TCB
    rt_event.o(i.rt_evt_clr) refers to rtx_conf_cm.o(.bss) for os_active_TCB
    rt_event.o(i.rt_evt_get) refers to rt_task.o(.data) for os_tsk
    rt_event.o(i.rt_evt_psh) refers to rt_list.o(i.rt_rmv_dly) for rt_rmv_dly
    rt_event.o(i.rt_evt_psh) refers to rt_list.o(i.rt_put_prio) for rt_put_prio
    rt_event.o(i.rt_evt_psh) refers to rt_list.o(.bss) for os_rdy
    rt_event.o(i.rt_evt_set) refers to rt_list.o(i.rt_rmv_dly) for rt_rmv_dly
    rt_event.o(i.rt_evt_set) refers to rt_task.o(i.rt_dispatch) for rt_dispatch
    rt_event.o(i.rt_evt_set) refers to rtx_conf_cm.o(.bss) for os_active_TCB
    rt_event.o(i.rt_evt_wait) refers to rt_task.o(i.rt_block) for rt_block
    rt_event.o(i.rt_evt_wait) refers to rt_task.o(.data) for os_tsk
    rt_mailbox.o(i.isr_mbx_receive) refers to rt_list.o(i.rt_psq_enq) for rt_psq_enq
    rt_mailbox.o(i.isr_mbx_receive) refers to rt_system.o(i.rt_psh_req) for rt_psh_req
    rt_mailbox.o(i.isr_mbx_send) refers to rt_list.o(i.rt_psq_enq) for rt_psq_enq
    rt_mailbox.o(i.isr_mbx_send) refers to rt_system.o(i.rt_psh_req) for rt_psh_req
    rt_mailbox.o(i.rt_mbx_psh) refers to rt_list.o(i.rt_get_first) for rt_get_first
    rt_mailbox.o(i.rt_mbx_psh) refers to rt_list.o(i.rt_rmv_dly) for rt_rmv_dly
    rt_mailbox.o(i.rt_mbx_psh) refers to rt_list.o(i.rt_put_prio) for rt_put_prio
    rt_mailbox.o(i.rt_mbx_psh) refers to rtx_conf_cm.o(.text) for os_error
    rt_mailbox.o(i.rt_mbx_psh) refers to rt_list.o(.bss) for os_rdy
    rt_mailbox.o(i.rt_mbx_send) refers to rt_list.o(i.rt_put_prio) for rt_put_prio
    rt_mailbox.o(i.rt_mbx_send) refers to rt_list.o(i.rt_get_first) for rt_get_first
    rt_mailbox.o(i.rt_mbx_send) refers to rt_list.o(i.rt_rmv_dly) for rt_rmv_dly
    rt_mailbox.o(i.rt_mbx_send) refers to rt_task.o(i.rt_dispatch) for rt_dispatch
    rt_mailbox.o(i.rt_mbx_send) refers to rt_task.o(i.rt_block) for rt_block
    rt_mailbox.o(i.rt_mbx_send) refers to rt_task.o(.data) for os_tsk
    rt_mailbox.o(i.rt_mbx_wait) refers to rt_list.o(i.rt_get_first) for rt_get_first
    rt_mailbox.o(i.rt_mbx_wait) refers to rt_list.o(i.rt_rmv_dly) for rt_rmv_dly
    rt_mailbox.o(i.rt_mbx_wait) refers to rt_task.o(i.rt_dispatch) for rt_dispatch
    rt_mailbox.o(i.rt_mbx_wait) refers to rt_list.o(i.rt_put_prio) for rt_put_prio
    rt_mailbox.o(i.rt_mbx_wait) refers to rt_task.o(i.rt_block) for rt_block
    rt_mailbox.o(i.rt_mbx_wait) refers to rt_task.o(.data) for os_tsk
    rt_timer.o(i.rt_tmr_create) refers to rt_membox.o(i.rt_alloc_box) for rt_alloc_box
    rt_timer.o(i.rt_tmr_create) refers to rtx_conf_cm.o(.data) for m_tmr
    rt_timer.o(i.rt_tmr_create) refers to rt_timer.o(.data) for .data
    rt_timer.o(i.rt_tmr_kill) refers to rt_membox.o(i.rt_free_box) for rt_free_box
    rt_timer.o(i.rt_tmr_kill) refers to rt_timer.o(.data) for .data
    rt_timer.o(i.rt_tmr_kill) refers to rtx_conf_cm.o(.data) for m_tmr
    rt_timer.o(i.rt_tmr_tick) refers to rtx_conf_cm.o(.text) for os_tmr_call
    rt_timer.o(i.rt_tmr_tick) refers to rt_membox.o(i.rt_free_box) for rt_free_box
    rt_timer.o(i.rt_tmr_tick) refers to rt_timer.o(.data) for .data
    rt_timer.o(i.rt_tmr_tick) refers to rtx_conf_cm.o(.data) for m_tmr
    rt_robin.o(i.rt_chk_robin) refers to rt_list.o(i.rt_get_first) for rt_get_first
    rt_robin.o(i.rt_chk_robin) refers to rt_list.o(i.rt_put_prio) for rt_put_prio
    rt_robin.o(i.rt_chk_robin) refers to rt_robin.o(.data) for .data
    rt_robin.o(i.rt_chk_robin) refers to rt_list.o(.bss) for os_rdy
    rt_robin.o(i.rt_chk_robin) refers to rt_time.o(.data) for os_time
    rt_robin.o(i.rt_init_robin) refers to rt_robin.o(.data) for .data
    rt_robin.o(i.rt_init_robin) refers to rtx_conf_cm.o(.constdata) for os_rrobin
    entry.o(.ARM.Collect$$$$00000000) refers (Special) to entry7b.o(.ARM.Collect$$$$00000008) for _main_clock
    entry.o(.ARM.Collect$$$$00000000) refers (Special) to entry8.o(.ARM.Collect$$$$00000009) for _main_init
    entry.o(.ARM.Collect$$$$00000000) refers (Special) to entry5.o(.ARM.Collect$$$$00000004) for _main_scatterload
    entry.o(.ARM.Collect$$$$00000000) refers (Special) to entry2.o(.ARM.Collect$$$$00000001) for _main_stk
    uldiv.o(.text) refers to llushr.o(.text) for __aeabi_llsr
    uldiv.o(.text) refers to llshl.o(.text) for __aeabi_llsl
    dadd.o(.text) refers (Special) to iusefp.o(.text) for __I$use$fp
    dadd.o(.text) refers to llshl.o(.text) for __aeabi_llsl
    dadd.o(.text) refers to llsshr.o(.text) for __aeabi_lasr
    dadd.o(.text) refers to depilogue.o(.text) for _double_epilogue
    dflti.o(.text) refers (Special) to iusefp.o(.text) for __I$use$fp
    dflti.o(.text) refers to depilogue.o(.text) for _double_epilogue
    dfltui.o(.text) refers (Special) to iusefp.o(.text) for __I$use$fp
    dfltui.o(.text) refers to depilogue.o(.text) for _double_epilogue
    cdcmple.o(.text) refers (Special) to iusefp.o(.text) for __I$use$fp
    cdrcmple.o(.text) refers (Special) to iusefp.o(.text) for __I$use$fp
    entry2.o(.ARM.Collect$$$$00000001) refers to entry2.o(.ARM.Collect$$$$00002712) for __lit__00000000
    entry2.o(.ARM.Collect$$$$00002712) refers to startup_lpc17xx.o(STACK) for __initial_sp
    entry2.o(__vectab_stack_and_reset_area) refers to startup_lpc17xx.o(STACK) for __initial_sp
    entry2.o(__vectab_stack_and_reset_area) refers to entry.o(.ARM.Collect$$$$00000000) for __main
    entry5.o(.ARM.Collect$$$$00000004) refers to init.o(.text) for __scatterload
    entry8.o(.ARM.Collect$$$$00000009) refers to main.o(.text) for main
    depilogue.o(.text) refers to llshl.o(.text) for __aeabi_llsl
    depilogue.o(.text) refers to llushr.o(.text) for __aeabi_llsr
    init.o(.text) refers to entry5.o(.ARM.Collect$$$$00000004) for __main_after_scatterload
    main.o(i.reset) refers to memseta.o(.text) for __aeabi_memclr4
    main.o(i.reset) refers to glcd_spi_lpc1700.o(.text) for GLCD_Clear
    main.o(i.reset) refers to main.o(.bss) for x_offsets
    main.o(i.reset) refers to main.o(.data) for count
    main.o(i.destroy_right) refers to glcd_spi_lpc1700.o(.text) for GLCD_SetTextColor
    main.o(i.destroy_right) refers to dfltui.o(.text) for __aeabi_ui2d
    main.o(i.destroy_right) refers to dadd.o(.text) for __aeabi_dsub
    main.o(i.destroy_right) refers to cdcmple.o(.text) for __aeabi_cdcmple
    main.o(i.destroy_right) refers to main.o(.data) for count
    main.o(i.destroy_right) refers to main.o(.bss) for x_offsets
    main.o(i.destroy_right) refers to rt_time.o(i.rt_time_get) for rt_time_get
    main.o(i.destroy_left) refers to glcd_spi_lpc1700.o(.text) for GLCD_SetTextColor
    main.o(i.destroy_left) refers to dfltui.o(.text) for __aeabi_ui2d
    main.o(i.destroy_left) refers to dadd.o(.text) for __aeabi_dsub
    main.o(i.destroy_left) refers to cdcmple.o(.text) for __aeabi_cdcmple
    main.o(i.destroy_left) refers to main.o(.data) for diff
    main.o(i.destroy_left) refers to main.o(.bss) for current_block
    main.o(i.destroy_left) refers to rt_time.o(i.rt_time_get) for rt_time_get


==============================================================================

Removing Unused input sections from the image.

    Removing startup_lpc17xx.o(HEAP), (4096 bytes).
    Removing system_lpc17xx.o(.rev16_text), (4 bytes).
    Removing system_lpc17xx.o(.revsh_text), (4 bytes).
    Removing retarget.o(.text), (160 bytes).
    Removing retarget.o(.data), (12 bytes).
    Removing uart.o(.rev16_text), (4 bytes).
    Removing uart.o(.revsh_text), (4 bytes).
    Removing main.o(.rev16_text), (4 bytes).
    Removing main.o(.revsh_text), (4 bytes).
    Removing adc.o(.rev16_text), (4 bytes).
    Removing adc.o(.revsh_text), (4 bytes).
    Removing glcd_spi_lpc1700.o(.rev16_text), (4 bytes).
    Removing glcd_spi_lpc1700.o(.revsh_text), (4 bytes).
    Removing int0.o(.rev16_text), (4 bytes).
    Removing int0.o(.revsh_text), (4 bytes).
    Removing led.o(.rev16_text), (4 bytes).
    Removing led.o(.revsh_text), (4 bytes).
    Removing rt_task.o(i.rt_tsk_pass), (48 bytes).
    Removing rt_task.o(i.rt_tsk_self), (16 bytes).
    Removing rt_semaphore.o(i.isr_sem_send), (16 bytes).
    Removing rt_time.o(i.rt_dly_wait), (6 bytes).
    Removing rt_time.o(i.rt_itv_set), (24 bytes).
    Removing rt_time.o(i.rt_itv_wait), (44 bytes).
    Removing rt_system.o(.emb_text), (0 bytes).
    Removing rt_system.o(i.rt_psh_req), (32 bytes).
    Removing rt_system.o(i.rt_resume), (176 bytes).
    Removing rt_system.o(i.rt_suspend), (44 bytes).
    Removing rt_system.o(i.rt_tsk_lock), (80 bytes).
    Removing rt_system.o(i.rt_tsk_unlock), (80 bytes).
    Removing rt_list.o(i.rt_get_same_rdy_prio), (36 bytes).
    Removing rt_list.o(i.rt_psq_enq), (88 bytes).
    Removing rt_membox.o(i._calloc_box), (30 bytes).
    Removing rt_event.o(i.isr_evt_set), (40 bytes).
    Removing rt_event.o(i.rt_evt_clr), (28 bytes).
    Removing rt_event.o(i.rt_evt_get), (12 bytes).
    Removing rt_event.o(i.rt_evt_set), (96 bytes).
    Removing rt_event.o(i.rt_evt_wait), (64 bytes).
    Removing rt_mailbox.o(i.isr_mbx_receive), (84 bytes).
    Removing rt_mailbox.o(i.isr_mbx_send), (14 bytes).
    Removing rt_mailbox.o(i.rt_mbx_check), (8 bytes).
    Removing rt_mailbox.o(i.rt_mbx_init), (26 bytes).
    Removing rt_mailbox.o(i.rt_mbx_send), (160 bytes).
    Removing rt_mailbox.o(i.rt_mbx_wait), (184 bytes).
    Removing rt_timer.o(i.rt_tmr_create), (80 bytes).
    Removing rt_timer.o(i.rt_tmr_kill), (52 bytes).
    Removing rt_robin.o(i.rt_chk_robin), (72 bytes).
    Removing rt_robin.o(i.rt_init_robin), (24 bytes).
    Removing rt_robin.o(.data), (8 bytes).

48 unused section(s) (total 5996 bytes) removed from the image.

==============================================================================

Image Symbol Table

    Local Symbols

    Symbol Name                              Value     Ov Type        Size  Object(Section)

    RESET                                    0x00000000   Section      204  startup_lpc17xx.o(RESET)
    ../clib/microlib/division.c              0x00000000   Number         0  uldiv.o ABSOLUTE
    ../clib/microlib/init/entry.s            0x00000000   Number         0  entry7b.o ABSOLUTE
    ../clib/microlib/init/entry.s            0x00000000   Number         0  entry2.o ABSOLUTE
    ../clib/microlib/init/entry.s            0x00000000   Number         0  entry.o ABSOLUTE
    ../clib/microlib/init/entry.s            0x00000000   Number         0  entry5.o ABSOLUTE
    ../clib/microlib/init/entry.s            0x00000000   Number         0  entry8.o ABSOLUTE
    ../clib/microlib/init/entry.s            0x00000000   Number         0  entry7a.o ABSOLUTE
    ../clib/microlib/longlong.c              0x00000000   Number         0  llushr.o ABSOLUTE
    ../clib/microlib/longlong.c              0x00000000   Number         0  llsshr.o ABSOLUTE
    ../clib/microlib/longlong.c              0x00000000   Number         0  llshl.o ABSOLUTE
    ../clib/microlib/string/memset.c         0x00000000   Number         0  memseta.o ABSOLUTE
    ../clib/microlib/stubs.s                 0x00000000   Number         0  iusefp.o ABSOLUTE
    ../fplib/microlib/fpadd.c                0x00000000   Number         0  dadd.o ABSOLUTE
    ../fplib/microlib/fpepilogue.c           0x00000000   Number         0  depilogue.o ABSOLUTE
    ../fplib/microlib/fpflt.c                0x00000000   Number         0  dflti.o ABSOLUTE
    ../fplib/microlib/fpflt.c                0x00000000   Number         0  dfltui.o ABSOLUTE
    ADC.c                                    0x00000000   Number         0  adc.o ABSOLUTE
    ADC.c                                    0x00000000   Number         0  adc.o ABSOLUTE
    C:\Software\Keil\ARM\Startup\NXP\LPC17xx\system_LPC17xx.c 0x00000000   Number         0  system_lpc17xx.o ABSOLUTE
    C:\\Software\\Keil\\ARM\\Startup\\NXP\\LPC17xx\\system_LPC17xx.c 0x00000000   Number         0  system_lpc17xx.o ABSOLUTE
    GLCD_SPI_LPC1700.c                       0x00000000   Number         0  glcd_spi_lpc1700.o ABSOLUTE
    GLCD_SPI_LPC1700.c                       0x00000000   Number         0  glcd_spi_lpc1700.o ABSOLUTE
    INT0.c                                   0x00000000   Number         0  int0.o ABSOLUTE
    INT0.c                                   0x00000000   Number         0  int0.o ABSOLUTE
    LED.c                                    0x00000000   Number         0  led.o ABSOLUTE
    LED.c                                    0x00000000   Number         0  led.o ABSOLUTE
    RTX_Conf_CM.c                            0x00000000   Number         0  rtx_conf_cm.o ABSOLUTE
    Retarget.c                               0x00000000   Number         0  retarget.o ABSOLUTE
    SRC\CM\HAL_CM3.c                         0x00000000   Number         0  hal_cm3.o ABSOLUTE
    SRC\CM\SVC_Table.s                       0x00000000   Number         0  SVC_Table.o ABSOLUTE
    SRC\CM\rt_Event.c                        0x00000000   Number         0  rt_event.o ABSOLUTE
    SRC\CM\rt_List.c                         0x00000000   Number         0  rt_list.o ABSOLUTE
    SRC\CM\rt_Mailbox.c                      0x00000000   Number         0  rt_mailbox.o ABSOLUTE
    SRC\CM\rt_MemBox.c                       0x00000000   Number         0  rt_membox.o ABSOLUTE
    SRC\CM\rt_Robin.c                        0x00000000   Number         0  rt_robin.o ABSOLUTE
    SRC\CM\rt_Semaphore.c                    0x00000000   Number         0  rt_semaphore.o ABSOLUTE
    SRC\CM\rt_System.c                       0x00000000   Number         0  rt_system.o ABSOLUTE
    SRC\CM\rt_Task.c                         0x00000000   Number         0  rt_task.o ABSOLUTE
    SRC\CM\rt_Time.c                         0x00000000   Number         0  rt_time.o ABSOLUTE
    SRC\CM\rt_Timer.c                        0x00000000   Number         0  rt_timer.o ABSOLUTE
    SRC\\CM\\HAL_CM3.c                       0x00000000   Number         0  hal_cm3.o ABSOLUTE
    SRC\\CM\\rt_System.c                     0x00000000   Number         0  rt_system.o ABSOLUTE
    cdcmple.s                                0x00000000   Number         0  cdcmple.o ABSOLUTE
    cdrcmple.s                               0x00000000   Number         0  cdrcmple.o ABSOLUTE
    dc.s                                     0x00000000   Number         0  dc.o ABSOLUTE
    handlers.s                               0x00000000   Number         0  handlers.o ABSOLUTE
    init.s                                   0x00000000   Number         0  init.o ABSOLUTE
    main.c                                   0x00000000   Number         0  main.o ABSOLUTE
    main.c                                   0x00000000   Number         0  main.o ABSOLUTE
    startup_LPC17xx.s                        0x00000000   Number         0  startup_lpc17xx.o ABSOLUTE
    uart.c                                   0x00000000   Number         0  uart.o ABSOLUTE
    uart.c                                   0x00000000   Number         0  uart.o ABSOLUTE
    .ARM.Collect$$$$00000000                 0x000000cc   Section        0  entry.o(.ARM.Collect$$$$00000000)
    .ARM.Collect$$$$00000001                 0x000000cc   Section        4  entry2.o(.ARM.Collect$$$$00000001)
    .ARM.Collect$$$$00000004                 0x000000d0   Section        4  entry5.o(.ARM.Collect$$$$00000004)
    .ARM.Collect$$$$00000008                 0x000000d4   Section        0  entry7b.o(.ARM.Collect$$$$00000008)
    .ARM.Collect$$$$00000009                 0x000000d4   Section        8  entry8.o(.ARM.Collect$$$$00000009)
    .ARM.Collect$$$$00002712                 0x000000dc   Section        4  entry2.o(.ARM.Collect$$$$00002712)
    __lit__00000000                          0x000000dc   Data           4  entry2.o(.ARM.Collect$$$$00002712)
    .emb_text                                0x000000e0   Section      340  hal_cm3.o(.emb_text)
    .text                                    0x00000234   Section       36  startup_lpc17xx.o(.text)
    .text                                    0x00000258   Section        0  rtx_conf_cm.o(.text)
    .text                                    0x00000268   Section        0  int0.o(.text)
    .text                                    0x000002e0   Section        0  dfltui.o(.text)
    .text                                    0x000002fa   Section        0  iusefp.o(.text)
    i.__scatterload_null                     0x000002fa   Section        2  handlers.o(i.__scatterload_null)
    .ARM.__at_0x02FC                         0x000002fc   Section        4  startup_lpc17xx.o(.ARM.__at_0x02FC)
    .text                                    0x00000300   Section        0  system_lpc17xx.o(.text)
    .text                                    0x00000618   Section        0  uart.o(.text)
    NVIC_EnableIRQ                           0x00000971   Thumb Code    24  uart.o(.text)
    .text                                    0x000009c4   Section        0  main.o(.text)
    .text                                    0x00000edc   Section        0  adc.o(.text)
    .text                                    0x00000fb8   Section        0  glcd_spi_lpc1700.o(.text)
    delay                                    0x00000fb9   Thumb Code    14  glcd_spi_lpc1700.o(.text)
    spi_tran_man                             0x00000fc7   Thumb Code   124  glcd_spi_lpc1700.o(.text)
    wr_cmd                                   0x00001043   Thumb Code    36  glcd_spi_lpc1700.o(.text)
    wr_dat                                   0x00001067   Thumb Code    36  glcd_spi_lpc1700.o(.text)
    rd_reg                                   0x0000108b   Thumb Code    66  glcd_spi_lpc1700.o(.text)
    rd_id_man                                0x000010cd   Thumb Code   132  glcd_spi_lpc1700.o(.text)
    spi_tran                                 0x00001b4d   Thumb Code    26  glcd_spi_lpc1700.o(.text)
    wr_dat_start                             0x00001b67   Thumb Code    16  glcd_spi_lpc1700.o(.text)
    wr_dat_stop                              0x00001b77   Thumb Code     8  glcd_spi_lpc1700.o(.text)
    wr_dat_only                              0x00001b7f   Thumb Code    18  glcd_spi_lpc1700.o(.text)
    wr_reg                                   0x00001b91   Thumb Code    20  glcd_spi_lpc1700.o(.text)
    .text                                    0x00001bc0   Section        0  led.o(.text)
    .text                                    0x00001c6c   Section        0  uldiv.o(.text)
    .text                                    0x00001cce   Section        0  memseta.o(.text)
    .text                                    0x00001cf2   Section        0  dadd.o(.text)
    .text                                    0x00001e40   Section        0  dflti.o(.text)
    .text                                    0x00001e64   Section       40  cdcmple.o(.text)
    .text                                    0x00001e8c   Section       40  cdrcmple.o(.text)
    .text                                    0x00001eb4   Section        0  llshl.o(.text)
    .text                                    0x00001ed2   Section        0  llushr.o(.text)
    .text                                    0x00001ef2   Section        0  llsshr.o(.text)
    .text                                    0x00001f16   Section        0  depilogue.o(.text)
    .text                                    0x00001fd4   Section       36  init.o(.text)
    SVC_TABLE                                0x00001ff8   Section        4  SVC_Table.o(SVC_TABLE)
    i.__scatterload_copy                     0x00001ffc   Section       14  handlers.o(i.__scatterload_copy)
    i.__scatterload_zeroinit                 0x0000200a   Section       14  handlers.o(i.__scatterload_zeroinit)
    i._init_box                              0x00002018   Section        0  rt_membox.o(i._init_box)
    i.dbg_init                               0x00002060   Section        0  hal_cm3.o(i.dbg_init)
    i.dbg_task_notify                        0x00002090   Section        0  hal_cm3.o(i.dbg_task_notify)
    i.dbg_task_switch                        0x000020b0   Section        0  hal_cm3.o(i.dbg_task_switch)
    i.destroy_left                           0x000020c0   Section        0  main.o(i.destroy_left)
    i.destroy_right                          0x00002160   Section        0  main.o(i.destroy_right)
    i.os_tick_init                           0x00002224   Section        0  rt_system.o(i.os_tick_init)
    i.os_tick_irqack                         0x0000224c   Section        0  rt_system.o(i.os_tick_irqack)
    i.reset                                  0x00002250   Section        0  main.o(i.reset)
    i.rt_alloc_box                           0x00002290   Section        0  rt_membox.o(i.rt_alloc_box)
    i.rt_block                               0x000022ac   Section        0  rt_task.o(i.rt_block)
    i.rt_dec_dly                             0x000022e4   Section        0  rt_list.o(i.rt_dec_dly)
    i.rt_dispatch                            0x00002358   Section        0  rt_task.o(i.rt_dispatch)
    i.rt_evt_psh                             0x0000239c   Section        0  rt_event.o(i.rt_evt_psh)
    i.rt_free_box                            0x000023e8   Section        0  rt_membox.o(i.rt_free_box)
    i.rt_get_first                           0x00002408   Section        0  rt_list.o(i.rt_get_first)
    i.rt_init_context                        0x00002430   Section        0  rt_task.o(i.rt_init_context)
    rt_init_context                          0x00002431   Thumb Code    64  rt_task.o(i.rt_init_context)
    i.rt_init_stack                          0x00002474   Section        0  hal_cm3.o(i.rt_init_stack)
    i.rt_mbx_psh                             0x000024c4   Section        0  rt_mailbox.o(i.rt_mbx_psh)
    i.rt_pop_req                             0x00002584   Section        0  rt_system.o(i.rt_pop_req)
    i.rt_put_dly                             0x000025fc   Section        0  rt_list.o(i.rt_put_dly)
    i.rt_put_prio                            0x00002644   Section        0  rt_list.o(i.rt_put_prio)
    i.rt_put_rdy_first                       0x0000267c   Section        0  rt_list.o(i.rt_put_rdy_first)
    i.rt_resort_prio                         0x00002690   Section        0  rt_list.o(i.rt_resort_prio)
    i.rt_rmv_dly                             0x000026c4   Section        0  rt_list.o(i.rt_rmv_dly)
    i.rt_rmv_list                            0x000026ec   Section        0  rt_list.o(i.rt_rmv_list)
    i.rt_sem_init                            0x0000271c   Section        0  rt_semaphore.o(i.rt_sem_init)
    i.rt_sem_psh                             0x00002728   Section        0  rt_semaphore.o(i.rt_sem_psh)
    i.rt_sem_send                            0x0000275c   Section        0  rt_semaphore.o(i.rt_sem_send)
    i.rt_sem_wait                            0x00002794   Section        0  rt_semaphore.o(i.rt_sem_wait)
    i.rt_stk_check                           0x000027d0   Section        0  rt_system.o(i.rt_stk_check)
    i.rt_switch_req                          0x000027f4   Section        0  rt_task.o(i.rt_switch_req)
    i.rt_sys_init                            0x0000281c   Section        0  rt_task.o(i.rt_sys_init)
    i.rt_systick                             0x00002974   Section        0  rt_system.o(i.rt_systick)
    i.rt_time_get                            0x000029b0   Section        0  rt_time.o(i.rt_time_get)
    i.rt_tmr_tick                            0x000029bc   Section        0  rt_timer.o(i.rt_tmr_tick)
    i.rt_tsk_create                          0x000029fc   Section        0  rt_task.o(i.rt_tsk_create)
    i.rt_tsk_delete                          0x00002a90   Section        0  rt_task.o(i.rt_tsk_delete)
    i.rt_tsk_prio                            0x00002b4c   Section        0  rt_task.o(i.rt_tsk_prio)
    .constdata                               0x00002bcc   Section       40  rtx_conf_cm.o(.constdata)
    __tagsym$$used                           0x00002be0   Number         0  rtx_conf_cm.o(.constdata)
    __tagsym$$used                           0x00002be4   Number         0  rtx_conf_cm.o(.constdata)
    .constdata                               0x00002bf4   Section     6272  glcd_spi_lpc1700.o(.constdata)
    .constdata                               0x00004474   Section       32  led.o(.constdata)
    .data                                    0x10000000   Section        4  system_lpc17xx.o(.data)
    .data                                    0x10000004   Section       32  uart.o(.data)
    .data                                    0x10000028   Section      108  main.o(.data)
    .data                                    0x10000094   Section        4  rtx_conf_cm.o(.data)
    .data                                    0x10000098   Section        4  adc.o(.data)
    .data                                    0x1000009c   Section        9  glcd_spi_lpc1700.o(.data)
    Color                                    0x1000009c   Data           4  glcd_spi_lpc1700.o(.data)
    y                                        0x100000a0   Data           4  glcd_spi_lpc1700.o(.data)
    Himax                                    0x100000a4   Data           1  glcd_spi_lpc1700.o(.data)
    .data                                    0x100000a8   Section        4  int0.o(.data)
    .data                                    0x100000ac   Section        8  rt_task.o(.data)
    .data                                    0x100000b4   Section        4  rt_time.o(.data)
    .data                                    0x100000b8   Section        1  hal_cm3.o(.data)
    .data                                    0x100000bc   Section        8  rt_system.o(.data)
    os_lock                                  0x100000bc   Data           1  rt_system.o(.data)
    os_psh_flag                              0x100000bd   Data           1  rt_system.o(.data)
    pend_flags                               0x100000be   Data           1  rt_system.o(.data)
    .data                                    0x100000c4   Section        8  rt_timer.o(.data)
    .bss                                     0x100000cc   Section      128  uart.o(.bss)
    .bss                                     0x1000014c   Section      136  main.o(.bss)
    .bss                                     0x100001d8   Section    26056  rtx_conf_cm.o(.bss)
    .bss                                     0x100067a0   Section       48  rt_task.o(.bss)
    .bss                                     0x100067d0   Section       48  rt_list.o(.bss)
    STACK                                    0x10006800   Section     4096  startup_lpc17xx.o(STACK)

    Global Symbols

    Symbol Name                              Value     Ov Type        Size  Object(Section)

    BuildAttributes$$THM_ISAv4$P$D$K$B$S$PE$A:L22UL41UL21$X:L11$S22US41US21$IEEE1$IW$USESV6$~STKCKD$USESV7$~SHL$OSPACE$ROPI$EBA8$MICROLIB$REQ8$PRES8$EABIv2 0x00000000   Number         0  anon$$obj.o ABSOLUTE
    __ARM_use_no_argv                        0x00000000   Number         0  main.o ABSOLUTE
    __Vectors                                0x00000000   Data           4  startup_lpc17xx.o(RESET)
    __decompress                              - Undefined Weak Reference
    _clock_init                               - Undefined Weak Reference
    __main                                   0x000000cd   Thumb Code     0  entry.o(.ARM.Collect$$$$00000000)
    _main_stk                                0x000000cd   Thumb Code     0  entry2.o(.ARM.Collect$$$$00000001)
    _main_scatterload                        0x000000d1   Thumb Code     0  entry5.o(.ARM.Collect$$$$00000004)
    __main_after_scatterload                 0x000000d5   Thumb Code     0  entry5.o(.ARM.Collect$$$$00000004)
    _main_clock                              0x000000d5   Thumb Code     0  entry7b.o(.ARM.Collect$$$$00000008)
    _main_init                               0x000000d5   Thumb Code     0  entry8.o(.ARM.Collect$$$$00000009)
    rt_set_PSP                               0x000000e1   Thumb Code     6  hal_cm3.o(.emb_text)
    rt_get_PSP                               0x000000e7   Thumb Code     6  hal_cm3.o(.emb_text)
    os_set_env                               0x000000ed   Thumb Code    24  hal_cm3.o(.emb_text)
    _alloc_box                               0x00000109   Thumb Code    28  hal_cm3.o(.emb_text)
    _free_box                                0x00000129   Thumb Code    28  hal_cm3.o(.emb_text)
    SVC_Handler                              0x00000149   Thumb Code   124  hal_cm3.o(.emb_text)
    PendSV_Handler                           0x000001d1   Thumb Code    76  hal_cm3.o(.emb_text)
    SysTick_Handler                          0x00000221   Thumb Code     8  hal_cm3.o(.emb_text)
    OS_Tick_Handler                          0x00000229   Thumb Code    12  hal_cm3.o(.emb_text)
    Reset_Handler                            0x00000235   Thumb Code     8  startup_lpc17xx.o(.text)
    NMI_Handler                              0x0000023d   Thumb Code     2  startup_lpc17xx.o(.text)
    HardFault_Handler                        0x0000023f   Thumb Code     2  startup_lpc17xx.o(.text)
    MemManage_Handler                        0x00000241   Thumb Code     2  startup_lpc17xx.o(.text)
    BusFault_Handler                         0x00000243   Thumb Code     2  startup_lpc17xx.o(.text)
    UsageFault_Handler                       0x00000245   Thumb Code     2  startup_lpc17xx.o(.text)
    DebugMon_Handler                         0x00000249   Thumb Code     2  startup_lpc17xx.o(.text)
    BOD_IRQHandler                           0x0000024f   Thumb Code     0  startup_lpc17xx.o(.text)
    CANActivity_IRQHandler                   0x0000024f   Thumb Code     0  startup_lpc17xx.o(.text)
    CAN_IRQHandler                           0x0000024f   Thumb Code     0  startup_lpc17xx.o(.text)
    DMA_IRQHandler                           0x0000024f   Thumb Code     0  startup_lpc17xx.o(.text)
    EINT0_IRQHandler                         0x0000024f   Thumb Code     0  startup_lpc17xx.o(.text)
    EINT1_IRQHandler                         0x0000024f   Thumb Code     0  startup_lpc17xx.o(.text)
    EINT2_IRQHandler                         0x0000024f   Thumb Code     0  startup_lpc17xx.o(.text)
    ENET_IRQHandler                          0x0000024f   Thumb Code     0  startup_lpc17xx.o(.text)
    I2C0_IRQHandler                          0x0000024f   Thumb Code     0  startup_lpc17xx.o(.text)
    I2C1_IRQHandler                          0x0000024f   Thumb Code     0  startup_lpc17xx.o(.text)
    I2C2_IRQHandler                          0x0000024f   Thumb Code     0  startup_lpc17xx.o(.text)
    I2S_IRQHandler                           0x0000024f   Thumb Code     0  startup_lpc17xx.o(.text)
    MCPWM_IRQHandler                         0x0000024f   Thumb Code     0  startup_lpc17xx.o(.text)
    PLL0_IRQHandler                          0x0000024f   Thumb Code     0  startup_lpc17xx.o(.text)
    PLL1_IRQHandler                          0x0000024f   Thumb Code     0  startup_lpc17xx.o(.text)
    PWM1_IRQHandler                          0x0000024f   Thumb Code     0  startup_lpc17xx.o(.text)
    QEI_IRQHandler                           0x0000024f   Thumb Code     0  startup_lpc17xx.o(.text)
    RIT_IRQHandler                           0x0000024f   Thumb Code     0  startup_lpc17xx.o(.text)
    RTC_IRQHandler                           0x0000024f   Thumb Code     0  startup_lpc17xx.o(.text)
    SPI_IRQHandler                           0x0000024f   Thumb Code     0  startup_lpc17xx.o(.text)
    SSP0_IRQHandler                          0x0000024f   Thumb Code     0  startup_lpc17xx.o(.text)
    SSP1_IRQHandler                          0x0000024f   Thumb Code     0  startup_lpc17xx.o(.text)
    TIMER0_IRQHandler                        0x0000024f   Thumb Code     0  startup_lpc17xx.o(.text)
    TIMER1_IRQHandler                        0x0000024f   Thumb Code     0  startup_lpc17xx.o(.text)
    TIMER2_IRQHandler                        0x0000024f   Thumb Code     0  startup_lpc17xx.o(.text)
    TIMER3_IRQHandler                        0x0000024f   Thumb Code     0  startup_lpc17xx.o(.text)
    UART2_IRQHandler                         0x0000024f   Thumb Code     0  startup_lpc17xx.o(.text)
    UART3_IRQHandler                         0x0000024f   Thumb Code     0  startup_lpc17xx.o(.text)
    USBActivity_IRQHandler                   0x0000024f   Thumb Code     0  startup_lpc17xx.o(.text)
    USB_IRQHandler                           0x0000024f   Thumb Code     0  startup_lpc17xx.o(.text)
    WDT_IRQHandler                           0x0000024f   Thumb Code     0  startup_lpc17xx.o(.text)
    os_idle_demon                            0x00000259   Thumb Code     4  rtx_conf_cm.o(.text)
    os_tmr_call                              0x0000025d   Thumb Code     2  rtx_conf_cm.o(.text)
    os_error                                 0x0000025f   Thumb Code     4  rtx_conf_cm.o(.text)
    rt_init_robin                            0x00000263   Thumb Code     2  rtx_conf_cm.o(.text)
    rt_chk_robin                             0x00000265   Thumb Code     2  rtx_conf_cm.o(.text)
    INT0_Init                                0x00000269   Thumb Code    70  int0.o(.text)
    EINT3_IRQHandler                         0x000002af   Thumb Code    26  int0.o(.text)
    __aeabi_ui2d                             0x000002e1   Thumb Code    26  dfltui.o(.text)
    __I$use$fp                               0x000002fb   Thumb Code     0  iusefp.o(.text)
    __scatterload_null                       0x000002fb   Thumb Code     2  handlers.o(i.__scatterload_null)
    SystemCoreClockUpdate                    0x00000301   Thumb Code   424  system_lpc17xx.o(.text)
    __RL_RTX_VER                             0x00000460   Number         0  rt_system.o ABSOLUTE
    SystemInit                               0x000004a9   Thumb Code   290  system_lpc17xx.o(.text)
    Free                                     0x00000619   Thumb Code     6  uart.o(.text)
    Lock                                     0x0000061f   Thumb Code    28  uart.o(.text)
    LockRcv                                  0x0000063b   Thumb Code    28  uart.o(.text)
    LockSnd                                  0x00000657   Thumb Code    28  uart.o(.text)
    FreeRcv                                  0x00000673   Thumb Code    28  uart.o(.text)
    FreeSnd                                  0x0000068f   Thumb Code    28  uart.o(.text)
    UART0_IRQHandler                         0x000006ab   Thumb Code    86  uart.o(.text)
    UART1_IRQHandler                         0x00000701   Thumb Code    88  uart.o(.text)
    getFrequency                             0x00000759   Thumb Code    64  uart.o(.text)
    UARTInit                                 0x00000799   Thumb Code   176  uart.o(.text)
    UARTSend                                 0x00000849   Thumb Code   112  uart.o(.text)
    UARTSendChar                             0x000008b9   Thumb Code    24  uart.o(.text)
    UARTRecieve                              0x000008d1   Thumb Code   134  uart.o(.text)
    UARTReceiveChar                          0x00000957   Thumb Code    26  uart.o(.text)
    stop_block                               0x000009c5   Thumb Code   264  main.o(.text)
    set_difficulty                           0x00000acd   Thumb Code    60  main.o(.text)
    watch_dog                                0x00000b09   Thumb Code   186  main.o(.text)
    base_task                                0x00000bc3   Thumb Code   728  main.o(.text)
    main                                     0x00000e9b   Thumb Code    42  main.o(.text)
    ADC_Init                                 0x00000edd   Thumb Code   100  adc.o(.text)
    ADC_StartCnv                             0x00000f41   Thumb Code    24  adc.o(.text)
    ADC_StopCnv                              0x00000f59   Thumb Code    14  adc.o(.text)
    ADC_GetCnv                               0x00000f67   Thumb Code    30  adc.o(.text)
    ADC_IRQHandler                           0x00000f85   Thumb Code    22  adc.o(.text)
    GLCD_Init                                0x00001151   Thumb Code  1514  glcd_spi_lpc1700.o(.text)
    GLCD_SetWindow                           0x0000173b   Thumb Code   168  glcd_spi_lpc1700.o(.text)
    GLCD_WindowMax                           0x000017e3   Thumb Code    26  glcd_spi_lpc1700.o(.text)
    GLCD_PutPixel                            0x000017fd   Thumb Code   118  glcd_spi_lpc1700.o(.text)
    GLCD_SetTextColor                        0x00001873   Thumb Code     6  glcd_spi_lpc1700.o(.text)
    GLCD_SetBackColor                        0x00001879   Thumb Code     6  glcd_spi_lpc1700.o(.text)
    GLCD_Clear                               0x0000187f   Thumb Code    42  glcd_spi_lpc1700.o(.text)
    GLCD_DrawChar                            0x000018a9   Thumb Code   150  glcd_spi_lpc1700.o(.text)
    GLCD_DisplayChar                         0x0000193f   Thumb Code    84  glcd_spi_lpc1700.o(.text)
    GLCD_DisplayString                       0x00001993   Thumb Code    40  glcd_spi_lpc1700.o(.text)
    GLCD_ClearLn                             0x000019bb   Thumb Code    94  glcd_spi_lpc1700.o(.text)
    GLCD_Bargraph                            0x00001a19   Thumb Code    98  glcd_spi_lpc1700.o(.text)
    GLCD_Bitmap                              0x00001a7b   Thumb Code    82  glcd_spi_lpc1700.o(.text)
    GLCD_ScrollVertical                      0x00001acd   Thumb Code   100  glcd_spi_lpc1700.o(.text)
    GLCD_WrCmd                               0x00001b31   Thumb Code    12  glcd_spi_lpc1700.o(.text)
    GLCD_WrReg                               0x00001b3d   Thumb Code    16  glcd_spi_lpc1700.o(.text)
    LED_Init                                 0x00001bc1   Thumb Code    38  led.o(.text)
    LED_On                                   0x00001be7   Thumb Code    40  led.o(.text)
    LED_Off                                  0x00001c0f   Thumb Code    40  led.o(.text)
    LED_Out                                  0x00001c37   Thumb Code    38  led.o(.text)
    __aeabi_uldivmod                         0x00001c6d   Thumb Code    98  uldiv.o(.text)
    __aeabi_memset                           0x00001ccf   Thumb Code    14  memseta.o(.text)
    __aeabi_memset4                          0x00001ccf   Thumb Code     0  memseta.o(.text)
    __aeabi_memset8                          0x00001ccf   Thumb Code     0  memseta.o(.text)
    __aeabi_memclr                           0x00001cdd   Thumb Code     4  memseta.o(.text)
    __aeabi_memclr4                          0x00001cdd   Thumb Code     0  memseta.o(.text)
    __aeabi_memclr8                          0x00001cdd   Thumb Code     0  memseta.o(.text)
    _memset$wrapper                          0x00001ce1   Thumb Code    18  memseta.o(.text)
    __aeabi_dadd                             0x00001cf3   Thumb Code   322  dadd.o(.text)
    __aeabi_dsub                             0x00001e35   Thumb Code     6  dadd.o(.text)
    __aeabi_drsub                            0x00001e3b   Thumb Code     6  dadd.o(.text)
    __aeabi_i2d                              0x00001e41   Thumb Code    34  dflti.o(.text)
    __aeabi_cdcmpeq                          0x00001e65   Thumb Code     0  cdcmple.o(.text)
    __aeabi_cdcmple                          0x00001e65   Thumb Code    38  cdcmple.o(.text)
    __aeabi_cdrcmple                         0x00001e8d   Thumb Code    38  cdrcmple.o(.text)
    __aeabi_llsl                             0x00001eb5   Thumb Code    30  llshl.o(.text)
    _ll_shift_l                              0x00001eb5   Thumb Code     0  llshl.o(.text)
    __aeabi_llsr                             0x00001ed3   Thumb Code    32  llushr.o(.text)
    _ll_ushift_r                             0x00001ed3   Thumb Code     0  llushr.o(.text)
    __aeabi_lasr                             0x00001ef3   Thumb Code    36  llsshr.o(.text)
    _ll_sshift_r                             0x00001ef3   Thumb Code     0  llsshr.o(.text)
    _double_round                            0x00001f17   Thumb Code    26  depilogue.o(.text)
    _double_epilogue                         0x00001f31   Thumb Code   164  depilogue.o(.text)
    __scatterload                            0x00001fd5   Thumb Code    28  init.o(.text)
    __scatterload_rt2                        0x00001fd5   Thumb Code     0  init.o(.text)
    SVC_Count                                0x00001ff8   Data           4  SVC_Table.o(SVC_TABLE)
    SVC_Table                                0x00001ffc   Data           0  SVC_Table.o(SVC_TABLE)
    __scatterload_copy                       0x00001ffd   Thumb Code    14  handlers.o(i.__scatterload_copy)
    __scatterload_zeroinit                   0x0000200b   Thumb Code    14  handlers.o(i.__scatterload_zeroinit)
    _init_box                                0x00002019   Thumb Code    70  rt_membox.o(i._init_box)
    dbg_init                                 0x00002061   Thumb Code    34  hal_cm3.o(i.dbg_init)
    dbg_task_notify                          0x00002091   Thumb Code    32  hal_cm3.o(i.dbg_task_notify)
    dbg_task_switch                          0x000020b1   Thumb Code    16  hal_cm3.o(i.dbg_task_switch)
    destroy_left                             0x000020c1   Thumb Code   144  main.o(i.destroy_left)
    destroy_right                            0x00002161   Thumb Code   168  main.o(i.destroy_right)
    os_tick_init                             0x00002225   Thumb Code    32  rt_system.o(i.os_tick_init)
    os_tick_irqack                           0x0000224d   Thumb Code     2  rt_system.o(i.os_tick_irqack)
    reset                                    0x00002251   Thumb Code    46  main.o(i.reset)
    rt_alloc_box                             0x00002291   Thumb Code    26  rt_membox.o(i.rt_alloc_box)
    rt_block                                 0x000022ad   Thumb Code    48  rt_task.o(i.rt_block)
    rt_dec_dly                               0x000022e5   Thumb Code   106  rt_list.o(i.rt_dec_dly)
    rt_dispatch                              0x00002359   Thumb Code    60  rt_task.o(i.rt_dispatch)
    rt_evt_psh                               0x0000239d   Thumb Code    72  rt_event.o(i.rt_evt_psh)
    rt_free_box                              0x000023e9   Thumb Code    32  rt_membox.o(i.rt_free_box)
    rt_get_first                             0x00002409   Thumb Code    40  rt_list.o(i.rt_get_first)
    rt_init_stack                            0x00002475   Thumb Code    70  hal_cm3.o(i.rt_init_stack)
    rt_mbx_psh                               0x000024c5   Thumb Code   188  rt_mailbox.o(i.rt_mbx_psh)
    rt_pop_req                               0x00002585   Thumb Code   106  rt_system.o(i.rt_pop_req)
    rt_put_dly                               0x000025fd   Thumb Code    68  rt_list.o(i.rt_put_dly)
    rt_put_prio                              0x00002645   Thumb Code    54  rt_list.o(i.rt_put_prio)
    rt_put_rdy_first                         0x0000267d   Thumb Code    14  rt_list.o(i.rt_put_rdy_first)
    rt_resort_prio                           0x00002691   Thumb Code    46  rt_list.o(i.rt_resort_prio)
    rt_rmv_dly                               0x000026c5   Thumb Code    40  rt_list.o(i.rt_rmv_dly)
    rt_rmv_list                              0x000026ed   Thumb Code    44  rt_list.o(i.rt_rmv_list)
    rt_sem_init                              0x0000271d   Thumb Code    12  rt_semaphore.o(i.rt_sem_init)
    rt_sem_psh                               0x00002729   Thumb Code    46  rt_semaphore.o(i.rt_sem_psh)
    rt_sem_send                              0x0000275d   Thumb Code    52  rt_semaphore.o(i.rt_sem_send)
    rt_sem_wait                              0x00002795   Thumb Code    56  rt_semaphore.o(i.rt_sem_wait)
    rt_stk_check                             0x000027d1   Thumb Code    28  rt_system.o(i.rt_stk_check)
    rt_switch_req                            0x000027f5   Thumb Code    30  rt_task.o(i.rt_switch_req)
    rt_sys_init                              0x0000281d   Thumb Code   266  rt_task.o(i.rt_sys_init)
    rt_systick                               0x00002975   Thumb Code    48  rt_system.o(i.rt_systick)
    rt_time_get                              0x000029b1   Thumb Code     6  rt_time.o(i.rt_time_get)
    rt_tmr_tick                              0x000029bd   Thumb Code    56  rt_timer.o(i.rt_tmr_tick)
    rt_tsk_create                            0x000029fd   Thumb Code   126  rt_task.o(i.rt_tsk_create)
    rt_tsk_delete                            0x00002a91   Thumb Code   162  rt_task.o(i.rt_tsk_delete)
    rt_tsk_prio                              0x00002b4d   Thumb Code   110  rt_task.o(i.rt_tsk_prio)
    os_maxtaskrun                            0x00002bcc   Data           2  rtx_conf_cm.o(.constdata)
    os_stackinfo                             0x00002bd0   Data           4  rtx_conf_cm.o(.constdata)
    os_rrobin                                0x00002bd4   Data           4  rtx_conf_cm.o(.constdata)
    os_trv                                   0x00002bd8   Data           4  rtx_conf_cm.o(.constdata)
    os_flags                                 0x00002bdc   Data           1  rtx_conf_cm.o(.constdata)
    os_clockrate                             0x00002be0   Data           4  rtx_conf_cm.o(.constdata)
    os_timernum                              0x00002be4   Data           4  rtx_conf_cm.o(.constdata)
    mp_tcb_size                              0x00002be8   Data           2  rtx_conf_cm.o(.constdata)
    mp_stk_size                              0x00002bec   Data           4  rtx_conf_cm.o(.constdata)
    os_fifo_size                             0x00002bf0   Data           1  rtx_conf_cm.o(.constdata)
    mp_tmr_size                              0x00002bf2   Data           2  rtx_conf_cm.o(.constdata)
    Font_6x8_h                               0x00002bf4   Data         896  glcd_spi_lpc1700.o(.constdata)
    Font_16x24_h                             0x00002f74   Data        5376  glcd_spi_lpc1700.o(.constdata)
    led_mask                                 0x00004474   Data          32  led.o(.constdata)
    Region$$Table$$Base                      0x00004494   Number         0  anon$$obj.o(Region$$Table)
    Region$$Table$$Limit                     0x000044b4   Number         0  anon$$obj.o(Region$$Table)
    SystemCoreClock                          0x10000000   Data           4  system_lpc17xx.o(.data)
    ITM_RxBuffer                             0x10000004   Data           4  uart.o(.data)
    UART0TxEmpty                             0x10000008   Data           1  uart.o(.data)
    UART1TxEmpty                             0x10000009   Data           1  uart.o(.data)
    UART0Count                               0x1000000c   Data           4  uart.o(.data)
    UART1Count                               0x10000010   Data           4  uart.o(.data)
    i                                        0x10000014   Data           4  uart.o(.data)
    UART0Status                              0x10000018   Data           4  uart.o(.data)
    UART1Status                              0x1000001c   Data           4  uart.o(.data)
    RcvLock0                                 0x10000020   Data           1  uart.o(.data)
    SndLock0                                 0x10000021   Data           1  uart.o(.data)
    RcvLock1                                 0x10000022   Data           1  uart.o(.data)
    SndLock1                                 0x10000023   Data           1  uart.o(.data)
    colors                                   0x10000028   Data          56  main.o(.data)
    time                                     0x10000060   Data           8  main.o(.data)
    watchdog_timer                           0x10000068   Data           8  main.o(.data)
    count                                    0x10000070   Data           4  main.o(.data)
    next_block                               0x10000074   Data           8  main.o(.data)
    change_difficulty                        0x1000007c   Data           8  main.o(.data)
    watchdog_sem                             0x10000084   Data           8  main.o(.data)
    difficulty                               0x1000008c   Data           4  main.o(.data)
    diff                                     0x10000090   Data           4  main.o(.data)
    m_tmr                                    0x10000094   Data           4  rtx_conf_cm.o(.data)
    AD_done                                  0x10000098   Data           1  adc.o(.data)
    AD_last                                  0x1000009a   Data           2  adc.o(.data)
    random                                   0x100000a8   Data           4  int0.o(.data)
    os_tsk                                   0x100000ac   Data           8  rt_task.o(.data)
    os_time                                  0x100000b4   Data           4  rt_time.o(.data)
    dbg_msg                                  0x100000b8   Data           1  hal_cm3.o(.data)
    os_tick_irqn                             0x100000c0   Data           4  rt_system.o(.data)
    os_tmr                                   0x100000c4   Data           8  rt_timer.o(.data)
    UART0Buffer                              0x100000cc   Data          64  uart.o(.bss)
    UART1Buffer                              0x1000010c   Data          64  uart.o(.bss)
    x_offsets                                0x1000014c   Data          60  main.o(.bss)
    widths                                   0x10000188   Data          60  main.o(.bss)
    current_block                            0x100001c4   Data          16  main.o(.bss)
    mp_tcb                                   0x100001d8   Data        2172  rtx_conf_cm.o(.bss)
    mp_stk                                   0x10000a58   Data       23568  rtx_conf_cm.o(.bss)
    os_fifo                                  0x10006668   Data         132  rtx_conf_cm.o(.bss)
    os_active_TCB                            0x100066ec   Data         180  rtx_conf_cm.o(.bss)
    os_idle_TCB                              0x100067a0   Data          48  rt_task.o(.bss)
    os_rdy                                   0x100067d0   Data          24  rt_list.o(.bss)
    os_dly                                   0x100067e8   Data          24  rt_list.o(.bss)
    __initial_sp                             0x10007800   Data           0  startup_lpc17xx.o(STACK)



==============================================================================

Memory Map of the image

  Image Entry point : 0x000000cd

  Load Region LR_IROM1 (Base: 0x00000000, Size: 0x00004580, Max: 0x00080000, ABSOLUTE)

    Execution Region ER_IROM1 (Base: 0x00000000, Size: 0x000044b4, Max: 0x00080000, ABSOLUTE)

    Base Addr    Size         Type   Attr      Idx    E Section Name        Object

    0x00000000   0x000000cc   Data   RO            3    RESET               startup_lpc17xx.o
    0x000000cc   0x00000000   Code   RO          879  * .ARM.Collect$$$$00000000  mc_w.l(entry.o)
    0x000000cc   0x00000004   Code   RO          896    .ARM.Collect$$$$00000001  mc_w.l(entry2.o)
    0x000000d0   0x00000004   Code   RO          899    .ARM.Collect$$$$00000004  mc_w.l(entry5.o)
    0x000000d4   0x00000000   Code   RO          901    .ARM.Collect$$$$00000008  mc_w.l(entry7b.o)
    0x000000d4   0x00000008   Code   RO          902    .ARM.Collect$$$$00000009  mc_w.l(entry8.o)
    0x000000dc   0x00000004   Code   RO          897    .ARM.Collect$$$$00002712  mc_w.l(entry2.o)
    0x000000e0   0x00000154   Code   RO          500    .emb_text           RTX_CM3.LIB(hal_cm3.o)
    0x00000234   0x00000024   Code   RO            5    .text               startup_lpc17xx.o
    0x00000258   0x0000000e   Code   RO          187    .text               rtx_conf_cm.o
    0x00000266   0x00000002   PAD
    0x00000268   0x00000078   Code   RO          276    .text               int0.o
    0x000002e0   0x0000001a   Code   RO          890    .text               mf_w.l(dfltui.o)
    0x000002fa   0x00000000   Code   RO          909    .text               mc_w.l(iusefp.o)
    0x000002fa   0x00000002   Code   RO          917    i.__scatterload_null  mc_w.l(handlers.o)
    0x000002fc   0x00000004   Code   RO            4    .ARM.__at_0x02FC    startup_lpc17xx.o
    0x00000300   0x00000318   Code   RO           15    .text               system_lpc17xx.o
    0x00000618   0x000003ac   Code   RO           83    .text               uart.o
    0x000009c4   0x00000518   Code   RO          120    .text               main.o
    0x00000edc   0x000000dc   Code   RO          209    .text               adc.o
    0x00000fb8   0x00000c08   Code   RO          239    .text               glcd_spi_lpc1700.o
    0x00001bc0   0x000000ac   Code   RO          303    .text               led.o
    0x00001c6c   0x00000062   Code   RO          882    .text               mc_w.l(uldiv.o)
    0x00001cce   0x00000024   Code   RO          884    .text               mc_w.l(memseta.o)
    0x00001cf2   0x0000014e   Code   RO          886    .text               mf_w.l(dadd.o)
    0x00001e40   0x00000022   Code   RO          888    .text               mf_w.l(dflti.o)
    0x00001e62   0x00000002   PAD
    0x00001e64   0x00000028   Code   RO          892    .text               mf_w.l(cdcmple.o)
    0x00001e8c   0x00000028   Code   RO          894    .text               mf_w.l(cdrcmple.o)
    0x00001eb4   0x0000001e   Code   RO          903    .text               mc_w.l(llshl.o)
    0x00001ed2   0x00000020   Code   RO          905    .text               mc_w.l(llushr.o)
    0x00001ef2   0x00000024   Code   RO          907    .text               mc_w.l(llsshr.o)
    0x00001f16   0x000000be   Code   RO          910    .text               mf_w.l(depilogue.o)
    0x00001fd4   0x00000024   Code   RO          912    .text               mc_w.l(init.o)
    0x00001ff8   0x00000004   Code   RO          738    SVC_TABLE           RTX_CM3.LIB(SVC_Table.o)
    0x00001ffc   0x0000000e   Code   RO          916    i.__scatterload_copy  mc_w.l(handlers.o)
    0x0000200a   0x0000000e   Code   RO          918    i.__scatterload_zeroinit  mc_w.l(handlers.o)
    0x00002018   0x00000046   Code   RO          705    i._init_box         RTX_CM3.LIB(rt_membox.o)
    0x0000205e   0x00000002   PAD
    0x00002060   0x00000030   Code   RO          501    i.dbg_init          RTX_CM3.LIB(hal_cm3.o)
    0x00002090   0x00000020   Code   RO          502    i.dbg_task_notify   RTX_CM3.LIB(hal_cm3.o)
    0x000020b0   0x00000010   Code   RO          503    i.dbg_task_switch   RTX_CM3.LIB(hal_cm3.o)
    0x000020c0   0x000000a0   Code   RO          150    i.destroy_left      main.o
    0x00002160   0x000000c4   Code   RO          145    i.destroy_right     main.o
    0x00002224   0x00000028   Code   RO          542    i.os_tick_init      RTX_CM3.LIB(rt_system.o)
    0x0000224c   0x00000002   Code   RO          543    i.os_tick_irqack    RTX_CM3.LIB(rt_system.o)
    0x0000224e   0x00000002   PAD
    0x00002250   0x00000040   Code   RO          139    i.reset             main.o
    0x00002290   0x0000001a   Code   RO          706    i.rt_alloc_box      RTX_CM3.LIB(rt_membox.o)
    0x000022aa   0x00000002   PAD
    0x000022ac   0x00000038   Code   RO          328    i.rt_block          RTX_CM3.LIB(rt_task.o)
    0x000022e4   0x00000074   Code   RO          625    i.rt_dec_dly        RTX_CM3.LIB(rt_list.o)
    0x00002358   0x00000044   Code   RO          329    i.rt_dispatch       RTX_CM3.LIB(rt_task.o)
    0x0000239c   0x0000004c   Code   RO          744    i.rt_evt_psh        RTX_CM3.LIB(rt_event.o)
    0x000023e8   0x00000020   Code   RO          707    i.rt_free_box       RTX_CM3.LIB(rt_membox.o)
    0x00002408   0x00000028   Code   RO          626    i.rt_get_first      RTX_CM3.LIB(rt_list.o)
    0x00002430   0x00000044   Code   RO          330    i.rt_init_context   RTX_CM3.LIB(rt_task.o)
    0x00002474   0x00000050   Code   RO          504    i.rt_init_stack     RTX_CM3.LIB(hal_cm3.o)
    0x000024c4   0x000000c0   Code   RO          787    i.rt_mbx_psh        RTX_CM3.LIB(rt_mailbox.o)
    0x00002584   0x00000078   Code   RO          544    i.rt_pop_req        RTX_CM3.LIB(rt_system.o)
    0x000025fc   0x00000048   Code   RO          629    i.rt_put_dly        RTX_CM3.LIB(rt_list.o)
    0x00002644   0x00000036   Code   RO          630    i.rt_put_prio       RTX_CM3.LIB(rt_list.o)
    0x0000267a   0x00000002   PAD
    0x0000267c   0x00000014   Code   RO          631    i.rt_put_rdy_first  RTX_CM3.LIB(rt_list.o)
    0x00002690   0x00000034   Code   RO          632    i.rt_resort_prio    RTX_CM3.LIB(rt_list.o)
    0x000026c4   0x00000028   Code   RO          633    i.rt_rmv_dly        RTX_CM3.LIB(rt_list.o)
    0x000026ec   0x00000030   Code   RO          634    i.rt_rmv_list       RTX_CM3.LIB(rt_list.o)
    0x0000271c   0x0000000c   Code   RO          428    i.rt_sem_init       RTX_CM3.LIB(rt_semaphore.o)
    0x00002728   0x00000034   Code   RO          429    i.rt_sem_psh        RTX_CM3.LIB(rt_semaphore.o)
    0x0000275c   0x00000038   Code   RO          430    i.rt_sem_send       RTX_CM3.LIB(rt_semaphore.o)
    0x00002794   0x0000003c   Code   RO          431    i.rt_sem_wait       RTX_CM3.LIB(rt_semaphore.o)
    0x000027d0   0x00000024   Code   RO          547    i.rt_stk_check      RTX_CM3.LIB(rt_system.o)
    0x000027f4   0x00000028   Code   RO          331    i.rt_switch_req     RTX_CM3.LIB(rt_task.o)
    0x0000281c   0x00000158   Code   RO          332    i.rt_sys_init       RTX_CM3.LIB(rt_task.o)
    0x00002974   0x0000003c   Code   RO          549    i.rt_systick        RTX_CM3.LIB(rt_system.o)
    0x000029b0   0x0000000c   Code   RO          470    i.rt_time_get       RTX_CM3.LIB(rt_time.o)
    0x000029bc   0x00000040   Code   RO          833    i.rt_tmr_tick       RTX_CM3.LIB(rt_timer.o)
    0x000029fc   0x00000094   Code   RO          333    i.rt_tsk_create     RTX_CM3.LIB(rt_task.o)
    0x00002a90   0x000000bc   Code   RO          334    i.rt_tsk_delete     RTX_CM3.LIB(rt_task.o)
    0x00002b4c   0x00000080   Code   RO          336    i.rt_tsk_prio       RTX_CM3.LIB(rt_task.o)
    0x00002bcc   0x00000028   Data   RO          189    .constdata          rtx_conf_cm.o
    0x00002bf4   0x00001880   Data   RO          240    .constdata          glcd_spi_lpc1700.o
    0x00004474   0x00000020   Data   RO          304    .constdata          led.o
    0x00004494   0x00000020   Data   RO          914    Region$$Table       anon$$obj.o


    Execution Region RW_IRAM1 (Base: 0x10000000, Size: 0x00007800, Max: 0x00008000, ABSOLUTE)

    Base Addr    Size         Type   Attr      Idx    E Section Name        Object

    0x10000000   0x00000004   Data   RW           16    .data               system_lpc17xx.o
    0x10000004   0x00000020   Data   RW           85    .data               uart.o
    0x10000024   0x00000004   PAD
    0x10000028   0x0000006c   Data   RW          122    .data               main.o
    0x10000094   0x00000004   Data   RW          190    .data               rtx_conf_cm.o
    0x10000098   0x00000004   Data   RW          210    .data               adc.o
    0x1000009c   0x00000009   Data   RW          241    .data               glcd_spi_lpc1700.o
    0x100000a5   0x00000003   PAD
    0x100000a8   0x00000004   Data   RW          277    .data               int0.o
    0x100000ac   0x00000008   Data   RW          339    .data               RTX_CM3.LIB(rt_task.o)
    0x100000b4   0x00000004   Data   RW          471    .data               RTX_CM3.LIB(rt_time.o)
    0x100000b8   0x00000001   Data   RW          505    .data               RTX_CM3.LIB(hal_cm3.o)
    0x100000b9   0x00000003   PAD
    0x100000bc   0x00000008   Data   RW          552    .data               RTX_CM3.LIB(rt_system.o)
    0x100000c4   0x00000008   Data   RW          834    .data               RTX_CM3.LIB(rt_timer.o)
    0x100000cc   0x00000080   Zero   RW           84    .bss                uart.o
    0x1000014c   0x00000088   Zero   RW          121    .bss                main.o
    0x100001d4   0x00000004   PAD
    0x100001d8   0x000065c8   Zero   RW          188    .bss                rtx_conf_cm.o
    0x100067a0   0x00000030   Zero   RW          338    .bss                RTX_CM3.LIB(rt_task.o)
    0x100067d0   0x00000030   Zero   RW          635    .bss                RTX_CM3.LIB(rt_list.o)
    0x10006800   0x00001000   Zero   RW            1    STACK               startup_lpc17xx.o


==============================================================================

Image component sizes


      Code (inc. data)   RO Data    RW Data    ZI Data      Debug   Object Name

       220         30          0          4          0      41711   adc.o
      3080         64       6272          9          0       8752   glcd_spi_lpc1700.o
       120         24          0          4          0      24401   int0.o
       172         16         32          0          0       1281   led.o
      1724        250          0        108        136      11065   main.o
        14          0         40          4      26056       2015   rtx_conf_cm.o
        40         12        204          0       4096        856   startup_lpc17xx.o
       792         78          0          4          0      21869   system_lpc17xx.o
       940         60          0         32        128      45535   uart.o

    ----------------------------------------------------------------------
      7104        534       6580        172      30420     157485   Object Totals
         0          0         32          0          0          0   (incl. Generated)
         2          0          0          7          4          0   (incl. Padding)

    ----------------------------------------------------------------------

      Code (inc. data)   RO Data    RW Data    ZI Data      Debug   Library Member Name

         4          4          0          0          0        136   SVC_Table.o
       516         56          0          1          0       2465   hal_cm3.o
        76          4          0          0          0        541   rt_event.o
       442         30          0          0         48       3794   rt_list.o
       192          4          0          0          0        605   rt_mailbox.o
       128          0          0          0          0       1489   rt_membox.o
       180         14          0          0          0       1883   rt_semaphore.o
       258         42          0          8          0       2962   rt_system.o
      1040        174          0          8         48       6884   rt_task.o
        12          6          0          4          0        512   rt_time.o
        64          8          0          8          0        583   rt_timer.o
         0          0          0          0          0          0   entry.o
         8          4          0          0          0          0   entry2.o
         4          0          0          0          0          0   entry5.o
         0          0          0          0          0          0   entry7b.o
         8          4          0          0          0          0   entry8.o
        30          0          0          0          0          0   handlers.o
        36          8          0          0          0         68   init.o
         0          0          0          0          0          0   iusefp.o
        30          0          0          0          0         68   llshl.o
        36          0          0          0          0         68   llsshr.o
        32          0          0          0          0         68   llushr.o
        36          0          0          0          0        108   memseta.o
        98          0          0          0          0         92   uldiv.o
        40          2          0          0          0         68   cdcmple.o
        40          2          0          0          0         68   cdrcmple.o
       334          0          0          0          0        144   dadd.o
       190          0          0          0          0        176   depilogue.o
        34          0          0          0          0         76   dflti.o
        26          0          0          0          0         76   dfltui.o

    ----------------------------------------------------------------------
      3904        362          0         32         96      22934   Library Totals
        10          0          0          3          0          0   (incl. Padding)

    ----------------------------------------------------------------------

      Code (inc. data)   RO Data    RW Data    ZI Data      Debug   Library Name

      2912        342          0         29         96      21854   RTX_CM3.LIB
       318         16          0          0          0        472   mc_w.l
       664          4          0          0          0        608   mf_w.l

    ----------------------------------------------------------------------
      3904        362          0         32         96      22934   Library Totals

    ----------------------------------------------------------------------

==============================================================================


      Code (inc. data)   RO Data    RW Data    ZI Data      Debug   

     11008        896       6580        204      30516     177195   Grand Totals
     11008        896       6580        204      30516     177195   ELF Image Totals
     11008        896       6580        204          0          0   ROM Totals

==============================================================================

    Total RO  Size (Code + RO Data)                17588 (  17.18kB)
    Total RW  Size (RW Data + ZI Data)             30720 (  30.00kB)
    Total ROM Size (Code + RO Data + RW Data)      17792 (  17.38kB)

==============================================================================

